Component: ARM Compiler 5.06 update 7 (build 960) Tool: armlink [4d3601]

==============================================================================

Section Cross References

    startup_stm32f103xb.o(STACK) refers (Special) to heapauxi.o(.text) for __use_two_region_memory
    startup_stm32f103xb.o(HEAP) refers (Special) to heapauxi.o(.text) for __use_two_region_memory
    startup_stm32f103xb.o(RESET) refers (Special) to heapauxi.o(.text) for __use_two_region_memory
    startup_stm32f103xb.o(RESET) refers to startup_stm32f103xb.o(STACK) for __initial_sp
    startup_stm32f103xb.o(RESET) refers to startup_stm32f103xb.o(.text) for Reset_Handler
    startup_stm32f103xb.o(RESET) refers to stm32f1xx_it.o(i.NMI_Handler) for NMI_Handler
    startup_stm32f103xb.o(RESET) refers to stm32f1xx_it.o(i.HardFault_Handler) for HardFault_Handler
    startup_stm32f103xb.o(RESET) refers to stm32f1xx_it.o(i.MemManage_Handler) for MemManage_Handler
    startup_stm32f103xb.o(RESET) refers to stm32f1xx_it.o(i.BusFault_Handler) for BusFault_Handler
    startup_stm32f103xb.o(RESET) refers to stm32f1xx_it.o(i.UsageFault_Handler) for UsageFault_Handler
    startup_stm32f103xb.o(RESET) refers to stm32f1xx_it.o(i.SVC_Handler) for SVC_Handler
    startup_stm32f103xb.o(RESET) refers to stm32f1xx_it.o(i.DebugMon_Handler) for DebugMon_Handler
    startup_stm32f103xb.o(RESET) refers to stm32f1xx_it.o(i.PendSV_Handler) for PendSV_Handler
    startup_stm32f103xb.o(RESET) refers to stm32f1xx_it.o(i.SysTick_Handler) for SysTick_Handler
    startup_stm32f103xb.o(RESET) refers to stm32f1xx_it.o(i.DMA1_Channel4_IRQHandler) for DMA1_Channel4_IRQHandler
    startup_stm32f103xb.o(RESET) refers to stm32f1xx_it.o(i.DMA1_Channel5_IRQHandler) for DMA1_Channel5_IRQHandler
    startup_stm32f103xb.o(RESET) refers to stm32f1xx_it.o(i.DMA1_Channel6_IRQHandler) for DMA1_Channel6_IRQHandler
    startup_stm32f103xb.o(RESET) refers to stm32f1xx_it.o(i.TIM4_IRQHandler) for TIM4_IRQHandler
    startup_stm32f103xb.o(RESET) refers to stm32f1xx_it.o(i.I2C1_EV_IRQHandler) for I2C1_EV_IRQHandler
    startup_stm32f103xb.o(RESET) refers to stm32f1xx_it.o(i.USART1_IRQHandler) for USART1_IRQHandler
    startup_stm32f103xb.o(.text) refers (Special) to heapauxi.o(.text) for __use_two_region_memory
    startup_stm32f103xb.o(.text) refers to system_stm32f1xx.o(i.SystemInit) for SystemInit
    startup_stm32f103xb.o(.text) refers to __main.o(!!!main) for __main
    startup_stm32f103xb.o(.text) refers to startup_stm32f103xb.o(HEAP) for Heap_Mem
    startup_stm32f103xb.o(.text) refers to startup_stm32f103xb.o(STACK) for Stack_Mem
    main.o(i.SystemClock_Config) refers to rt_memclr_w.o(.text) for __aeabi_memclr4
    main.o(i.SystemClock_Config) refers to stm32f1xx_hal_rcc.o(i.HAL_RCC_OscConfig) for HAL_RCC_OscConfig
    main.o(i.SystemClock_Config) refers to stm32f1xx_hal_rcc.o(i.HAL_RCC_ClockConfig) for HAL_RCC_ClockConfig
    main.o(i.WS_Debug) refers to vsprintf.o(.text) for vsprintf
    main.o(i.WS_Debug) refers to strlen.o(.text) for strlen
    main.o(i.WS_Debug) refers to stm32f1xx_hal_uart.o(i.HAL_UART_Transmit_DMA) for HAL_UART_Transmit_DMA
    main.o(i.WS_Debug) refers to main.o(.bss) for .bss
    main.o(i.WS_Debug) refers to usart.o(.bss) for huart1
    main.o(i.main) refers to stm32f1xx_hal.o(i.HAL_Init) for HAL_Init
    main.o(i.main) refers to main.o(i.SystemClock_Config) for SystemClock_Config
    main.o(i.main) refers to gpio.o(i.MX_GPIO_Init) for MX_GPIO_Init
    main.o(i.main) refers to dma.o(i.MX_DMA_Init) for MX_DMA_Init
    main.o(i.main) refers to usart.o(i.MX_USART1_UART_Init) for MX_USART1_UART_Init
    main.o(i.main) refers to tim.o(i.MX_TIM4_Init) for MX_TIM4_Init
    main.o(i.main) refers to i2c.o(i.MX_I2C1_Init) for MX_I2C1_Init
    main.o(i.main) refers to stm32f1xx_hal_tim.o(i.HAL_TIM_Base_Start_IT) for HAL_TIM_Base_Start_IT
    main.o(i.main) refers to ws_drive_oled.o(i.WS_OLED_Init) for WS_OLED_Init
    main.o(i.main) refers to anoptv8test.o(i.AnoPTv8TxFrameF2) for AnoPTv8TxFrameF2
    main.o(i.main) refers to ws_drive_oled.o(i.WS_OLED_Printf) for WS_OLED_Printf
    main.o(i.main) refers to oled_buffer.o(i.UpdateScreenDisplay) for UpdateScreenDisplay
    main.o(i.main) refers to tim.o(.bss) for htim4
    main.o(i.main) refers to anoptv8datadef.o(.bss) for parLis_PID
    gpio.o(i.MX_GPIO_Init) refers to stm32f1xx_hal_gpio.o(i.HAL_GPIO_WritePin) for HAL_GPIO_WritePin
    gpio.o(i.MX_GPIO_Init) refers to stm32f1xx_hal_gpio.o(i.HAL_GPIO_Init) for HAL_GPIO_Init
    dma.o(i.MX_DMA_Init) refers to stm32f1xx_hal_cortex.o(i.HAL_NVIC_SetPriority) for HAL_NVIC_SetPriority
    dma.o(i.MX_DMA_Init) refers to stm32f1xx_hal_cortex.o(i.HAL_NVIC_EnableIRQ) for HAL_NVIC_EnableIRQ
    i2c.o(i.HAL_I2C_MspDeInit) refers to stm32f1xx_hal_gpio.o(i.HAL_GPIO_DeInit) for HAL_GPIO_DeInit
    i2c.o(i.HAL_I2C_MspDeInit) refers to stm32f1xx_hal_dma.o(i.HAL_DMA_DeInit) for HAL_DMA_DeInit
[...]
    _printf_percent_end                      0x080001ed   Thumb Code     0  _printf_percent_end.o(.ARM.Collect$$_printf_percent$$00000017)
    __rt_lib_init                            0x080001f1   Thumb Code     0  libinit.o(.ARM.Collect$$libinit$$00000000)
    __rt_lib_init_fp_1                       0x080001f3   Thumb Code     0  libinit2.o(.ARM.Collect$$libinit$$00000002)
    __rt_lib_init_heap_1                     0x080001f3   Thumb Code     0  libinit2.o(.ARM.Collect$$libinit$$0000000A)
    __rt_lib_init_lc_common                  0x080001f3   Thumb Code     0  libinit2.o(.ARM.Collect$$libinit$$0000000F)
    __rt_lib_init_preinit_1                  0x080001f3   Thumb Code     0  libinit2.o(.ARM.Collect$$libinit$$00000004)
    __rt_lib_init_rand_1                     0x080001f3   Thumb Code     0  libinit2.o(.ARM.Collect$$libinit$$0000000E)
    __rt_lib_init_user_alloc_1               0x080001f3   Thumb Code     0  libinit2.o(.ARM.Collect$$libinit$$0000000C)
    __rt_lib_init_lc_collate_1               0x080001f9   Thumb Code     0  libinit2.o(.ARM.Collect$$libinit$$00000011)
    __rt_lib_init_lc_ctype_2                 0x080001f9   Thumb Code     0  libinit2.o(.ARM.Collect$$libinit$$00000012)
    __rt_lib_init_lc_ctype_1                 0x08000205   Thumb Code     0  libinit2.o(.ARM.Collect$$libinit$$00000013)
    __rt_lib_init_lc_monetary_1              0x08000205   Thumb Code     0  libinit2.o(.ARM.Collect$$libinit$$00000015)
    __rt_lib_init_lc_numeric_2               0x08000205   Thumb Code     0  libinit2.o(.ARM.Collect$$libinit$$00000016)
    __rt_lib_init_alloca_1                   0x0800020f   Thumb Code     0  libinit2.o(.ARM.Collect$$libinit$$0000002E)
    __rt_lib_init_argv_1                     0x0800020f   Thumb Code     0  libinit2.o(.ARM.Collect$$libinit$$0000002C)
    __rt_lib_init_atexit_1                   0x0800020f   Thumb Code     0  libinit2.o(.ARM.Collect$$libinit$$0000001B)
    __rt_lib_init_clock_1                    0x0800020f   Thumb Code     0  libinit2.o(.ARM.Collect$$libinit$$00000021)
    __rt_lib_init_cpp_1                      0x0800020f   Thumb Code     0  libinit2.o(.ARM.Collect$$libinit$$00000032)
    __rt_lib_init_exceptions_1               0x0800020f   Thumb Code     0  libinit2.o(.ARM.Collect$$libinit$$00000030)
    __rt_lib_init_fp_trap_1                  0x0800020f   Thumb Code     0  libinit2.o(.ARM.Collect$$libinit$$0000001F)
    __rt_lib_init_getenv_1                   0x0800020f   Thumb Code     0  libinit2.o(.ARM.Collect$$libinit$$00000023)
    __rt_lib_init_lc_numeric_1               0x0800020f   Thumb Code     0  libinit2.o(.ARM.Collect$$libinit$$00000017)
    __rt_lib_init_lc_time_1                  0x0800020f   Thumb Code     0  libinit2.o(.ARM.Collect$$libinit$$00000019)
    __rt_lib_init_return                     0x0800020f   Thumb Code     0  libinit2.o(.ARM.Collect$$libinit$$00000033)
    __rt_lib_init_signal_1                   0x0800020f   Thumb Code     0  libinit2.o(.ARM.Collect$$libinit$$0000001D)
    __rt_lib_init_stdio_1                    0x0800020f   Thumb Code     0  libinit2.o(.ARM.Collect$$libinit$$00000025)
    __rt_lib_shutdown                        0x08000211   Thumb Code     0  libshutdown.o(.ARM.Collect$$libshutdown$$00000000)
    __rt_lib_shutdown_cpp_1                  0x08000213   Thumb Code     0  libshutdown2.o(.ARM.Collect$$libshutdown$$00000004)
    __rt_lib_shutdown_fini_1                 0x08000213   Thumb Code     0  libshutdown2.o(.ARM.Collect$$libshutdown$$00000002)
    __rt_lib_shutdown_fp_trap_1              0x08000213   Thumb Code     0  libshutdown2.o(.ARM.Collect$$libshutdown$$00000009)
    __rt_lib_shutdown_heap_1                 0x08000213   Thumb Code     0  libshutdown2.o(.ARM.Collect$$libshutdown$$00000011)
    __rt_lib_shutdown_return                 0x08000213   Thumb Code     0  libshutdown2.o(.ARM.Collect$$libshutdown$$00000012)
    __rt_lib_shutdown_signal_1               0x08000213   Thumb Code     0  libshutdown2.o(.ARM.Collect$$libshutdown$$0000000C)
    __rt_lib_shutdown_stdio_1                0x08000213   Thumb Code     0  libshutdown2.o(.ARM.Collect$$libshutdown$$00000006)
    __rt_lib_shutdown_user_alloc_1           0x08000213   Thumb Code     0  libshutdown2.o(.ARM.Collect$$libshutdown$$0000000E)
    __rt_entry                               0x08000215   Thumb Code     0  __rtentry.o(.ARM.Collect$$rtentry$$00000000)
    __rt_entry_presh_1                       0x08000215   Thumb Code     0  __rtentry2.o(.ARM.Collect$$rtentry$$00000002)
    __rt_entry_sh                            0x08000215   Thumb Code     0  __rtentry4.o(.ARM.Collect$$rtentry$$00000004)
    __rt_entry_li                            0x0800021b   Thumb Code     0  __rtentry2.o(.ARM.Collect$$rtentry$$0000000A)
    __rt_entry_postsh_1                      0x0800021b   Thumb Code     0  __rtentry2.o(.ARM.Collect$$rtentry$$00000009)
    __rt_entry_main                          0x0800021f   Thumb Code     0  __rtentry2.o(.ARM.Collect$$rtentry$$0000000D)
    __rt_entry_postli_1                      0x0800021f   Thumb Code     0  __rtentry2.o(.ARM.Collect$$rtentry$$0000000C)
    __rt_exit                                0x08000227   Thumb Code     0  rtexit.o(.ARM.Collect$$rtexit$$00000000)
    __rt_exit_ls                             0x08000229   Thumb Code     0  rtexit2.o(.ARM.Collect$$rtexit$$00000003)
    __rt_exit_prels_1                        0x08000229   Thumb Code     0  rtexit2.o(.ARM.Collect$$rtexit$$00000002)
    __rt_exit_exit                           0x0800022d   Thumb Code     0  rtexit2.o(.ARM.Collect$$rtexit$$00000004)
    Reset_Handler                            0x08000235   Thumb Code     8  startup_stm32f103xb.o(.text)
    ADC1_2_IRQHandler                        0x0800024f   Thumb Code     0  startup_stm32f103xb.o(.text)
    CAN1_RX1_IRQHandler                      0x0800024f   Thumb Code     0  startup_stm32f103xb.o(.text)
    CAN1_SCE_IRQHandler                      0x0800024f   Thumb Code     0  startup_stm32f103xb.o(.text)
    DMA1_Channel1_IRQHandler                 0x0800024f   Thumb Code     0  startup_stm32f103xb.o(.text)
    DMA1_Channel2_IRQHandler                 0x0800024f   Thumb Code     0  startup_stm32f103xb.o(.text)
    DMA1_Channel3_IRQHandler                 0x0800024f   Thumb Code     0  startup_stm32f103xb.o(.text)
    DMA1_Channel7_IRQHandler                 0x0800024f   Thumb Code     0  startup_stm32f103xb.o(.text)
    EXTI0_IRQHandler                         0x0800024f   Thumb Code     0  startup_stm32f103xb.o(.text)
    EXTI15_10_IRQHandler                     0x0800024f   Thumb Code     0  startup_stm32f103xb.o(.text)
    EXTI1_IRQHandler                         0x0800024f   Thumb Code     0  startup_stm32f103xb.o(.text)
    EXTI2_IRQHandler                         0x0800024f   Thumb Code     0  startup_stm32f103xb.o(.text)
    EXTI3_IRQHandler                         0x0800024f   Thumb Code     0  startup_stm32f103xb.o(.text)
    EXTI4_IRQHandler                         0x0800024f   Thumb Code     0  startup_stm32f103xb.o(.text)
    EXTI9_5_IRQHandler                       0x0800024f   Thumb Code     0  startup_stm32f103xb.o(.text)
    FLASH_IRQHandler                         0x0800024f   Thumb Code     0  startup_stm32f103xb.o(.text)
    I2C1_ER_IRQHandler                       0x0800024f   Thumb Code     0  startup_stm32f103xb.o(.text)
    I2C2_ER_IRQHandler                       0x0800024f   Thumb Code     0  startup_stm32f103xb.o(.text)
    I2C2_EV_IRQHandler                       0x0800024f   Thumb Code     0  startup_stm32f103xb.o(.text)
    PVD_IRQHandler                           0x0800024f   Thumb Code     0  startup_stm32f103xb.o(.text)
    RCC_IRQHandler                           0x0800024f   Thumb Code     0  startup_stm32f103xb.o(.text)
    RTC_Alarm_IRQHandler                     0x0800024f   Thumb Code     0  startup_stm32f103xb.o(.text)
    RTC_IRQHandler                           0x0800024f   Thumb Code     0  startup_stm32f103xb.o(.text)
    SPI1_IRQHandler                          0x0800024f   Thumb Code     0  startup_stm32f103xb.o(.text)
    SPI2_IRQHandler                          0x0800024f   Thumb Code     0  startup_stm32f103xb.o(.text)
    TAMPER_IRQHandler                        0x0800024f   Thumb Code     0  startup_stm32f103xb.o(.text)
    TIM1_BRK_IRQHandler                      0x0800024f   Thumb Code     0  startup_stm32f103xb.o(.text)
    TIM1_CC_IRQHandler                       0x0800024f   Thumb Code     0  startup_stm32f103xb.o(.text)
    TIM1_TRG_COM_IRQHandler                  0x0800024f   Thumb Code     0  startup_stm32f103xb.o(.text)
    TIM1_UP_IRQHandler                       0x0800024f   Thumb Code     0  startup_stm32f103xb.o(.text)
    TIM2_IRQHandler                          0x0800024f   Thumb Code     0  startup_stm32f103xb.o(.text)
    TIM3_IRQHandler                          0x0800024f   Thumb Code     0  startup_stm32f103xb.o(.text)
    USART2_IRQHandler                        0x0800024f   Thumb Code     0  startup_stm32f103xb.o(.text)
    USART3_IRQHandler                        0x0800024f   Thumb Code     0  startup_stm32f103xb.o(.text)
    USBWakeUp_IRQHandler                     0x0800024f   Thumb Code     0  startup_stm32f103xb.o(.text)
    USB_HP_CAN1_TX_IRQHandler                0x0800024f   Thumb Code     0  startup_stm32f103xb.o(.text)
    USB_LP_CAN1_RX0_IRQHandler               0x0800024f   Thumb Code     0  startup_stm32f103xb.o(.text)
    WWDG_IRQHandler                          0x0800024f   Thumb Code     0  startup_stm32f103xb.o(.text)
    __user_initial_stackheap                 0x08000251   Thumb Code     0  startup_stm32f103xb.o(.text)
    vsprintf                                 0x08000275   Thumb Code    32  vsprintf.o(.text)
    __aeabi_memcpy                           0x08000299   Thumb Code     0  rt_memcpy_v6.o(.text)
    __rt_memcpy                              0x08000299   Thumb Code   138  rt_memcpy_v6.o(.text)
    _memcpy_lastbytes                        0x080002ff   Thumb Code     0  rt_memcpy_v6.o(.text)
    __aeabi_memclr                           0x08000323   Thumb Code     0  rt_memclr.o(.text)
    __rt_memclr                              0x08000323   Thumb Code    68  rt_memclr.o(.text)
    _memset                                  0x08000327   Thumb Code     0  rt_memclr.o(.text)
    __aeabi_memclr4                          0x08000367   Thumb Code     0  rt_memclr_w.o(.text)
    __aeabi_memclr8                          0x08000367   Thumb Code     0  rt_memclr_w.o(.text)
    __rt_memclr_w                            0x08000367   Thumb Code    78  rt_memclr_w.o(.text)
    _memset_w                                0x0800036b   Thumb Code     0  rt_memclr_w.o(.text)
    __use_two_region_memory                  0x080003b5   Thumb Code     2  heapauxi.o(.text)
    __rt_heap_escrow$2region                 0x080003b7   Thumb Code     2  heapauxi.o(.text)
    __rt_heap_expand$2region                 0x080003b9   Thumb Code     2  heapauxi.o(.text)
    __read_errno                             0x080003bb   Thumb Code    10  _rserrno.o(.text)
    __set_errno                              0x080003c5   Thumb Code    12  _rserrno.o(.text)
    _printf_pre_padding                      0x080003d1   Thumb Code    44  _printf_pad.o(.text)
    _printf_post_padding                     0x080003fd   Thumb Code    34  _printf_pad.o(.text)
    _printf_truncate_signed                  0x0800041f   Thumb Code    18  _printf_truncate.o(.text)
    _printf_truncate_unsigned                0x08000431   Thumb Code    18  _printf_truncate.o(.text)
    _printf_str                              0x08000443   Thumb Code    82  _printf_str.o(.text)
    _printf_int_dec                          0x08000495   Thumb Code   104  _printf_dec.o(.text)
    _printf_charcount                        0x0800050d   Thumb Code    40  _printf_charcount.o(.text)
    _printf_char_common                      0x0800053f   Thumb Code    32  _printf_char_common.o(.text)
    _sputc                                   0x08000565   Thumb Code    10  _sputc.o(.text)
    _printf_wctomb                           0x08000571   Thumb Code   182  _printf_wctomb.o(.text)
    _printf_longlong_dec                     0x0800062d   Thumb Code   108  _printf_longlong_dec.o(.text)
    _printf_longlong_oct                     0x080006a9   Thumb Code    66  _printf_oct_int_ll.o(.text)
    _printf_int_oct                          0x080006eb   Thumb Code    24  _printf_oct_int_ll.o(.text)
    _printf_ll_oct                           0x08000703   Thumb Code    12  _printf_oct_int_ll.o(.text)
    _printf_longlong_hex                     0x08000719   Thumb Code    86  _printf_hex_int_ll_ptr.o(.text)
    _printf_int_hex                          0x0800076f   Thumb Code    28  _printf_hex_int_ll_ptr.o(.text)
    _printf_ll_hex                           0x0800078b   Thumb Code    12  _printf_hex_int_ll_ptr.o(.text)
    _printf_hex_ptr                          0x08000797   Thumb Code    18  _printf_hex_int_ll_ptr.o(.text)
    __printf                                 0x080007ad   Thumb Code   388  __printf_flags_ss_wp.o(.text)
    __aeabi_memcpy4                          0x08000935   Thumb Code     0  rt_memcpy_w.o(.text)
    __aeabi_memcpy8                          0x08000935   Thumb Code     0  rt_memcpy_w.o(.text)
    __rt_memcpy_w                            0x08000935   Thumb Code   100  rt_memcpy_w.o(.text)
    _memcpy_lastbytes_aligned                0x0800097d   Thumb Code     0  rt_memcpy_w.o(.text)
    __aeabi_errno_addr                       0x08000999   Thumb Code     8  rt_errno_addr_intlibspace.o(.text)
    __errno$intlibspace                      0x08000999   Thumb Code     0  rt_errno_addr_intlibspace.o(.text)
    __rt_errno_addr$intlibspace              0x08000999   Thumb Code     0  rt_errno_addr_intlibspace.o(.text)
    _ll_udiv10                               0x080009a1   Thumb Code   138  lludiv10.o(.text)
    _printf_int_common                       0x08000a2b   Thumb Code   178  _printf_intcommon.o(.text)
    __lib_sel_fp_printf                      0x08000add   Thumb Code     2  _printf_fp_dec.o(.text)
    _printf_fp_dec_real                      0x08000c8f   Thumb Code   620  _printf_fp_dec.o(.text)
    _printf_fp_hex_real                      0x08000efd   Thumb Code   756  _printf_fp_hex.o(.text)
    _printf_cs_common                        0x080011f9   Thumb Code    20  _printf_char.o(.text)
    _printf_char                             0x0800120d   Thumb Code    16  _printf_char.o(.text)
    _printf_string                           0x0800121d   Thumb Code     8  _printf_char.o(.text)
    _printf_lcs_common                       0x08001225   Thumb Code    20  _printf_wchar.o(.text)
    _printf_wchar                            0x08001239   Thumb Code    16  _printf_wchar.o(.text)
    _printf_wstring                          0x08001249   Thumb Code     8  _printf_wchar.o(.text)
    _wcrtomb                                 0x08001251   Thumb Code    64  _wcrtomb.o(.text)
    __user_libspace                          0x08001291   Thumb Code     8  libspace.o(.text)
    __user_perproc_libspace                  0x08001291   Thumb Code     0  libspace.o(.text)
    __user_perthread_libspace                0x08001291   Thumb Code     0  libspace.o(.text)
    __user_setup_stackheap                   0x08001299   Thumb Code    74  sys_stackheap_outer.o(.text)
    __rt_ctype_table                         0x080012e5   Thumb Code    16  rt_ctype_table.o(.text)
    __rt_locale                              0x080012f5   Thumb Code     8  rt_locale_intlibspace.o(.text)
    _printf_fp_infnan                        0x080012fd   Thumb Code   112  _printf_fp_infnan.o(.text)
    _btod_etento                             0x0800137d   Thumb Code   224  bigflt0.o(.text)
    exit                                     0x08001461   Thumb Code    18  exit.o(.text)
    strcmp                                   0x08001475   Thumb Code   128  strcmpv7m.o(.text)
    _sys_exit                                0x080014f5   Thumb Code     8  sys_exit.o(.text)
    __I$use$semihosting                      0x08001501   Thumb Code     0  use_no_semi.o(.text)
    __use_no_semihosting_swi                 0x08001501   Thumb Code     2  use_no_semi.o(.text)
    __semihosting_library_function           0x08001503   Thumb Code     0  indicate_semi.o(.text)
    _btod_d2e                                0x08001503   Thumb Code    62  btod.o(CL$$btod_d2e)
    _d2e_denorm_low                          0x08001541   Thumb Code    70  btod.o(CL$$btod_d2e_denorm_low)
    _d2e_norm_op1                            0x08001587   Thumb Code    96  btod.o(CL$$btod_d2e_norm_op1)
    __btod_div_common                        0x080015e7   Thumb Code   696  btod.o(CL$$btod_div_common)
    _e2e                                     0x0800191f   Thumb Code   220  btod.o(CL$$btod_e2e)
    _btod_ediv                               0x080019fb   Thumb Code    42  btod.o(CL$$btod_ediv)
    _btod_emul                               0x08001a25   Thumb Code    42  btod.o(CL$$btod_emul)
    __btod_mult_common                       0x08001a4f   Thumb Code   580  btod.o(CL$$btod_mult_common)
    AnoPTv8CalFrameCheck                     0x08001c93   Thumb Code    50  anoptv8framefactory.o(i.AnoPTv8CalFrameCheck)
    AnoPTv8GetCmdCount                       0x08001cf5   Thumb Code     4  anoptv8datadef.o(i.AnoPTv8GetCmdCount)
    AnoPTv8GetFreeTxBufIndex                 0x08001cf9   Thumb Code    70  anoptv8run.o(i.AnoPTv8GetFreeTxBufIndex)
    AnoPTv8GetParCount                       0x08001d49   Thumb Code     4  anoptv8datadef.o(i.AnoPTv8GetParCount)
    AnoPTv8GetParVal                         0x08001d4d   Thumb Code    36  anoptv8run.o(i.AnoPTv8GetParVal)
    AnoPTv8HwRecvByte                        0x08001d75   Thumb Code     4  hardwareinterface.o(i.AnoPTv8HwRecvByte)
    AnoPTv8HwSendBytes                       0x08001d79   Thumb Code     6  hardwareinterface.o(i.AnoPTv8HwSendBytes)
    AnoPTv8HwTrigger1ms                      0x08001d7f   Thumb Code     4  hardwareinterface.o(i.AnoPTv8HwTrigger1ms)
    AnoPTv8RecvOneByte                       0x08001d85   Thumb Code   186  anoptv8run.o(i.AnoPTv8RecvOneByte)
    AnoPTv8SendBuf                           0x08001e45   Thumb Code    98  anoptv8framefactory.o(i.AnoPTv8SendBuf)
    AnoPTv8SendCheck                         0x08001ead   Thumb Code    80  anoptv8framefactory.o(i.AnoPTv8SendCheck)
    AnoPTv8SendCmdInfo                       0x08001f01   Thumb Code   196  anoptv8framefactory.o(i.AnoPTv8SendCmdInfo)
    AnoPTv8SendCmdNum                        0x08001fcd   Thumb Code    88  anoptv8framefactory.o(i.AnoPTv8SendCmdNum)
    AnoPTv8SendDevInfo                       0x08002029   Thumb Code   166  anoptv8framefactory.o(i.AnoPTv8SendDevInfo)
    AnoPTv8SendParInfo                       0x080020e1   Thumb Code   188  anoptv8framefactory.o(i.AnoPTv8SendParInfo)
    AnoPTv8SendParNum                        0x080021a5   Thumb Code    82  anoptv8framefactory.o(i.AnoPTv8SendParNum)
    AnoPTv8SendParVal                        0x080021fd   Thumb Code   108  anoptv8framefactory.o(i.AnoPTv8SendParVal)
    AnoPTv8SendStr                           0x0800226d   Thumb Code    98  anoptv8framefactory.o(i.AnoPTv8SendStr)
    AnoPTv8SetParVal                         0x080022d5   Thumb Code    48  anoptv8run.o(i.AnoPTv8SetParVal)
    AnoPTv8TxFrameF2                         0x08002309   Thumb Code   288  anoptv8test.o(i.AnoPTv8TxFrameF2)
    AnoPTv8TxRunThread1ms                    0x08002439   Thumb Code   108  anoptv8run.o(i.AnoPTv8TxRunThread1ms)
    BusFault_Handler                         0x080024ad   Thumb Code     2  stm32f1xx_it.o(i.BusFault_Handler)
    ClearTempBuffer                          0x080024b1   Thumb Code    10  oled_buffer.o(i.ClearTempBuffer)
    DMA1_Channel4_IRQHandler                 0x080024c1   Thumb Code     6  stm32f1xx_it.o(i.DMA1_Channel4_IRQHandler)
    DMA1_Channel5_IRQHandler                 0x080024cd   Thumb Code     6  stm32f1xx_it.o(i.DMA1_Channel5_IRQHandler)
    DMA1_Channel6_IRQHandler                 0x080024d9   Thumb Code     6  stm32f1xx_it.o(i.DMA1_Channel6_IRQHandler)
    DebugMon_Handler                         0x0800250f   Thumb Code     2  stm32f1xx_it.o(i.DebugMon_Handler)
    DrvUart1SendBuf                          0x08002511   Thumb Code    40  realize.o(i.DrvUart1SendBuf)
    Error_Handler                            0x08002545   Thumb Code     4  main.o(i.Error_Handler)
    GetSelectedBuffer                        0x08002549   Thumb Code     6  oled_buffer.o(i.GetSelectedBuffer)
    HAL_DMA_Abort                            0x08002555   Thumb Code    70  stm32f1xx_hal_dma.o(i.HAL_DMA_Abort)
    HAL_DMA_Abort_IT                         0x0800259d   Thumb Code   148  stm32f1xx_hal_dma.o(i.HAL_DMA_Abort_IT)
    HAL_DMA_GetState                         0x08002635   Thumb Code     6  stm32f1xx_hal_dma.o(i.HAL_DMA_GetState)
    HAL_DMA_IRQHandler                       0x0800263d   Thumb Code   316  stm32f1xx_hal_dma.o(i.HAL_DMA_IRQHandler)
    HAL_DMA_Init                             0x08002791   Thumb Code    84  stm32f1xx_hal_dma.o(i.HAL_DMA_Init)
    HAL_DMA_Start_IT                         0x080027ed   Thumb Code   112  stm32f1xx_hal_dma.o(i.HAL_DMA_Start_IT)
    HAL_Delay                                0x0800285d   Thumb Code    32  stm32f1xx_hal.o(i.HAL_Delay)
    HAL_GPIO_Init                            0x08002881   Thumb Code   446  stm32f1xx_hal_gpio.o(i.HAL_GPIO_Init)
    HAL_GPIO_TogglePin                       0x08002a61   Thumb Code    16  stm32f1xx_hal_gpio.o(i.HAL_GPIO_TogglePin)
    HAL_GPIO_WritePin                        0x08002a71   Thumb Code    10  stm32f1xx_hal_gpio.o(i.HAL_GPIO_WritePin)
    HAL_GetTick                              0x08002a7d   Thumb Code     6  stm32f1xx_hal.o(i.HAL_GetTick)
    HAL_I2C_AbortCpltCallback                0x08002a89   Thumb Code     2  stm32f1xx_hal_i2c.o(i.HAL_I2C_AbortCpltCallback)
    HAL_I2C_AddrCallback                     0x08002a8b   Thumb Code     2  stm32f1xx_hal_i2c.o(i.HAL_I2C_AddrCallback)
    HAL_I2C_EV_IRQHandler                    0x08002a8d   Thumb Code   560  stm32f1xx_hal_i2c.o(i.HAL_I2C_EV_IRQHandler)
    HAL_I2C_ErrorCallback                    0x08002cbd   Thumb Code     2  stm32f1xx_hal_i2c.o(i.HAL_I2C_ErrorCallback)
    HAL_I2C_Init                             0x08002cc1   Thumb Code   376  stm32f1xx_hal_i2c.o(i.HAL_I2C_Init)
    HAL_I2C_ListenCpltCallback               0x08002e49   Thumb Code     2  stm32f1xx_hal_i2c.o(i.HAL_I2C_ListenCpltCallback)
    HAL_I2C_MasterRxCpltCallback             0x08002e4b   Thumb Code     2  stm32f1xx_hal_i2c.o(i.HAL_I2C_MasterRxCpltCallback)
    HAL_I2C_MasterTxCpltCallback             0x08002e4d   Thumb Code     2  stm32f1xx_hal_i2c.o(i.HAL_I2C_MasterTxCpltCallback)
    HAL_I2C_MemRxCpltCallback                0x08002e4f   Thumb Code     2  stm32f1xx_hal_i2c.o(i.HAL_I2C_MemRxCpltCallback)
    HAL_I2C_MemTxCpltCallback                0x08002e51   Thumb Code    62  ws_drive_oled.o(i.HAL_I2C_MemTxCpltCallback)
    HAL_I2C_Mem_Write                        0x08002e99   Thumb Code   294  stm32f1xx_hal_i2c.o(i.HAL_I2C_Mem_Write)
    HAL_I2C_Mem_Write_DMA                    0x08002fc9   Thumb Code   384  stm32f1xx_hal_i2c.o(i.HAL_I2C_Mem_Write_DMA)
    HAL_I2C_MspInit                          0x08003159   Thumb Code   138  i2c.o(i.HAL_I2C_MspInit)
    HAL_I2C_SlaveRxCpltCallback              0x080031f9   Thumb Code     2  stm32f1xx_hal_i2c.o(i.HAL_I2C_SlaveRxCpltCallback)
    HAL_I2C_SlaveTxCpltCallback              0x080031fb   Thumb Code     2  stm32f1xx_hal_i2c.o(i.HAL_I2C_SlaveTxCpltCallback)
    HAL_IncTick                              0x080031fd   Thumb Code    12  stm32f1xx_hal.o(i.HAL_IncTick)
    HAL_Init                                 0x0800320d   Thumb Code    32  stm32f1xx_hal.o(i.HAL_Init)
    HAL_InitTick                             0x08003231   Thumb Code    54  stm32f1xx_hal.o(i.HAL_InitTick)
    HAL_MspInit                              0x08003271   Thumb Code    56  stm32f1xx_hal_msp.o(i.HAL_MspInit)
    HAL_NVIC_EnableIRQ                       0x080032ad   Thumb Code    26  stm32f1xx_hal_cortex.o(i.HAL_NVIC_EnableIRQ)
    HAL_NVIC_SetPriority                     0x080032c9   Thumb Code    60  stm32f1xx_hal_cortex.o(i.HAL_NVIC_SetPriority)
    HAL_NVIC_SetPriorityGrouping             0x08003309   Thumb Code    26  stm32f1xx_hal_cortex.o(i.HAL_NVIC_SetPriorityGrouping)
    HAL_RCC_ClockConfig                      0x0800332d   Thumb Code   280  stm32f1xx_hal_rcc.o(i.HAL_RCC_ClockConfig)
    HAL_RCC_GetPCLK1Freq                     0x08003459   Thumb Code    20  stm32f1xx_hal_rcc.o(i.HAL_RCC_GetPCLK1Freq)
    HAL_RCC_GetPCLK2Freq                     0x08003479   Thumb Code    20  stm32f1xx_hal_rcc.o(i.HAL_RCC_GetPCLK2Freq)
    HAL_RCC_GetSysClockFreq                  0x08003499   Thumb Code    58  stm32f1xx_hal_rcc.o(i.HAL_RCC_GetSysClockFreq)
    HAL_RCC_OscConfig                        0x080034e5   Thumb Code   778  stm32f1xx_hal_rcc.o(i.HAL_RCC_OscConfig)
    HAL_SYSTICK_Config                       0x08003805   Thumb Code    40  stm32f1xx_hal_cortex.o(i.HAL_SYSTICK_Config)
    HAL_TIMEx_BreakCallback                  0x0800382d   Thumb Code     2  stm32f1xx_hal_tim_ex.o(i.HAL_TIMEx_BreakCallback)
    HAL_TIMEx_CommutCallback                 0x0800382f   Thumb Code     2  stm32f1xx_hal_tim_ex.o(i.HAL_TIMEx_CommutCallback)
    HAL_TIMEx_MasterConfigSynchronization    0x08003831   Thumb Code    92  stm32f1xx_hal_tim_ex.o(i.HAL_TIMEx_MasterConfigSynchronization)
    HAL_TIM_Base_Init                        0x08003899   Thumb Code    90  stm32f1xx_hal_tim.o(i.HAL_TIM_Base_Init)
    HAL_TIM_Base_MspInit                     0x080038f5   Thumb Code    50  tim.o(i.HAL_TIM_Base_MspInit)
    HAL_TIM_Base_Start_IT                    0x08003931   Thumb Code    76  stm32f1xx_hal_tim.o(i.HAL_TIM_Base_Start_IT)
    HAL_TIM_ConfigClockSource                0x08003989   Thumb Code   220  stm32f1xx_hal_tim.o(i.HAL_TIM_ConfigClockSource)
    HAL_TIM_IC_CaptureCallback               0x08003a65   Thumb Code     2  stm32f1xx_hal_tim.o(i.HAL_TIM_IC_CaptureCallback)
    HAL_TIM_IRQHandler                       0x08003a67   Thumb Code   358  stm32f1xx_hal_tim.o(i.HAL_TIM_IRQHandler)
    HAL_TIM_OC_DelayElapsedCallback          0x08003bcd   Thumb Code     2  stm32f1xx_hal_tim.o(i.HAL_TIM_OC_DelayElapsedCallback)
    HAL_TIM_PWM_PulseFinishedCallback        0x08003bcf   Thumb Code     2  stm32f1xx_hal_tim.o(i.HAL_TIM_PWM_PulseFinishedCallback)
    HAL_TIM_PeriodElapsedCallback            0x08003bd1   Thumb Code    22  realize.o(i.HAL_TIM_PeriodElapsedCallback)
    HAL_TIM_TriggerCallback                  0x08003bed   Thumb Code     2  stm32f1xx_hal_tim.o(i.HAL_TIM_TriggerCallback)
    HAL_UARTEx_RxEventCallback               0x08003bef   Thumb Code     2  stm32f1xx_hal_uart.o(i.HAL_UARTEx_RxEventCallback)
    HAL_UART_DMAStop                         0x08003bf1   Thumb Code   112  stm32f1xx_hal_uart.o(i.HAL_UART_DMAStop)
    HAL_UART_ErrorCallback                   0x08003c61   Thumb Code     2  stm32f1xx_hal_uart.o(i.HAL_UART_ErrorCallback)
    HAL_UART_IRQHandler                      0x08003c65   Thumb Code   616  stm32f1xx_hal_uart.o(i.HAL_UART_IRQHandler)
    HAL_UART_Init                            0x08003ed1   Thumb Code   100  stm32f1xx_hal_uart.o(i.HAL_UART_Init)
    HAL_UART_MspInit                         0x08003f35   Thumb Code   196  usart.o(i.HAL_UART_MspInit)
    HAL_UART_Receive_DMA                     0x0800400d   Thumb Code    28  stm32f1xx_hal_uart.o(i.HAL_UART_Receive_DMA)
    HAL_UART_RxCpltCallback                  0x08004029   Thumb Code    56  realize.o(i.HAL_UART_RxCpltCallback)
    HAL_UART_RxHalfCpltCallback              0x08004069   Thumb Code     2  stm32f1xx_hal_uart.o(i.HAL_UART_RxHalfCpltCallback)
    HAL_UART_Transmit_DMA                    0x0800406d   Thumb Code   106  stm32f1xx_hal_uart.o(i.HAL_UART_Transmit_DMA)
    HAL_UART_TxCpltCallback                  0x080040e5   Thumb Code    16  realize.o(i.HAL_UART_TxCpltCallback)
    HAL_UART_TxHalfCpltCallback              0x080040fd   Thumb Code     2  stm32f1xx_hal_uart.o(i.HAL_UART_TxHalfCpltCallback)
    HardFault_Handler                        0x080040ff   Thumb Code     2  stm32f1xx_it.o(i.HardFault_Handler)
    I2C1_EV_IRQHandler                       0x08004101   Thumb Code     6  stm32f1xx_it.o(i.I2C1_EV_IRQHandler)
    MX_DMA_Init                              0x08004e69   Thumb Code    72  dma.o(i.MX_DMA_Init)
    MX_GPIO_Init                             0x08004eb5   Thumb Code   118  gpio.o(i.MX_GPIO_Init)
    MX_I2C1_Init                             0x08004f35   Thumb Code    50  i2c.o(i.MX_I2C1_Init)
    MX_TIM4_Init                             0x08004f75   Thumb Code    94  tim.o(i.MX_TIM4_Init)
    MX_USART1_UART_Init                      0x08004fdd   Thumb Code    66  usart.o(i.MX_USART1_UART_Init)
    MemManage_Handler                        0x0800502d   Thumb Code     2  stm32f1xx_it.o(i.MemManage_Handler)
    NMI_Handler                              0x0800502f   Thumb Code     2  stm32f1xx_it.o(i.NMI_Handler)
    PendSV_Handler                           0x08005031   Thumb Code     2  stm32f1xx_it.o(i.PendSV_Handler)
    SVC_Handler                              0x08005033   Thumb Code     2  stm32f1xx_it.o(i.SVC_Handler)
    SetScreenBuffer                          0x08005035   Thumb Code     8  oled_buffer.o(i.SetScreenBuffer)
    SetTempBuffer                            0x08005041   Thumb Code     8  oled_buffer.o(i.SetTempBuffer)
    SysTick_Handler                          0x0800504d   Thumb Code     4  stm32f1xx_it.o(i.SysTick_Handler)
    SystemClock_Config                       0x08005051   Thumb Code    94  main.o(i.SystemClock_Config)
    SystemInit                               0x080050af   Thumb Code     2  system_stm32f1xx.o(i.SystemInit)
    TIM4_IRQHandler                          0x080050b1   Thumb Code     6  stm32f1xx_it.o(i.TIM4_IRQHandler)
    TIM_Base_SetConfig                       0x080050bd   Thumb Code    94  stm32f1xx_hal_tim.o(i.TIM_Base_SetConfig)
    TIM_ETR_SetConfig                        0x08005129   Thumb Code    20  stm32f1xx_hal_tim.o(i.TIM_ETR_SetConfig)
    TempBufferFunc                           0x08005195   Thumb Code   114  oled_buffer.o(i.TempBufferFunc)
    UART_Start_Receive_DMA                   0x0800553d   Thumb Code   130  stm32f1xx_hal_uart.o(i.UART_Start_Receive_DMA)
    USART1_IRQHandler                        0x080055cd   Thumb Code    54  stm32f1xx_it.o(i.USART1_IRQHandler)
    UpdateScreenBuffer                       0x0800560d   Thumb Code    46  ws_drive_oled.o(i.UpdateScreenBuffer)
    UpdateScreenDisplay                      0x08005645   Thumb Code    28  oled_buffer.o(i.UpdateScreenDisplay)
    UsageFault_Handler                       0x08005661   Thumb Code     2  stm32f1xx_it.o(i.UsageFault_Handler)
    WS_OLED_Clear                            0x08005665   Thumb Code    64  ws_drive_oled.o(i.WS_OLED_Clear)
    WS_OLED_Dis_String                       0x080056a9   Thumb Code   454  ws_drive_oled.o(i.WS_OLED_Dis_String)
    WS_OLED_Init                             0x08005881   Thumb Code   188  ws_drive_oled.o(i.WS_OLED_Init)
    WS_OLED_Printf                           0x0800593d   Thumb Code    38  ws_drive_oled.o(i.WS_OLED_Printf)
    WS_OLED_Set_Buffer                       0x08005969   Thumb Code    74  ws_drive_oled.o(i.WS_OLED_Set_Buffer)
    WS_OLED_Write_Buffer                     0x080059bd   Thumb Code    24  ws_drive_oled.o(i.WS_OLED_Write_Buffer)
    WS_OLED_Write_Buffer_DMA                 0x080059d9   Thumb Code    22  ws_drive_oled.o(i.WS_OLED_Write_Buffer_DMA)
    WS_OLED_Write_Cmd                        0x080059f5   Thumb Code    30  ws_drive_oled.o(i.WS_OLED_Write_Cmd)
    WS_OLED_Write_Dat                        0x08005a19   Thumb Code    30  ws_drive_oled.o(i.WS_OLED_Write_Dat)
    __ARM_fpclassify                         0x08005a3d   Thumb Code    40  fpclassify.o(i.__ARM_fpclassify)
    __ieee754_rem_pio2                       0x08005a85   Thumb Code   828  rred.o(i.__ieee754_rem_pio2)
    __kernel_cos                             0x08005e0d   Thumb Code   230  cos_i.o(i.__kernel_cos)
    __kernel_poly                            0x08005f09   Thumb Code   170  poly.o(i.__kernel_poly)
    __kernel_sin                             0x08005fb5   Thumb Code   224  sin_i.o(i.__kernel_sin)
    __mathlib_dbl_infnan                     0x080060a1   Thumb Code     6  dunder.o(i.__mathlib_dbl_infnan)
    __mathlib_dbl_invalid                    0x080060a7   Thumb Code    12  dunder.o(i.__mathlib_dbl_invalid)
    __mathlib_dbl_underflow                  0x080060b5   Thumb Code    10  dunder.o(i.__mathlib_dbl_underflow)
    _is_digit                                0x080060c5   Thumb Code    14  __printf_wp.o(i._is_digit)
    drvU1DataCheck                           0x080061b9   Thumb Code    38  realize.o(i.drvU1DataCheck)
    drvU1GetByte                             0x080061e9   Thumb Code    24  realize.o(i.drvU1GetByte)
    main                                     0x08006209   Thumb Code   102  main.o(i.main)
    sin                                      0x080062a9   Thumb Code   150  sin.o(i.sin)
    _get_lc_numeric                          0x08006349   Thumb Code    44  lc_numeric_c.o(locale$$code)
    _get_lc_ctype                            0x08006375   Thumb Code    44  lc_ctype_c.o(locale$$code)
    __aeabi_d2f                              0x080063a1   Thumb Code     0  d2f.o(x$fpl$d2f)
    _d2f                                     0x080063a1   Thumb Code    98  d2f.o(x$fpl$d2f)
    __aeabi_dadd                             0x08006405   Thumb Code     0  daddsub_clz.o(x$fpl$dadd)
    _dadd                                    0x08006405   Thumb Code   332  daddsub_clz.o(x$fpl$dadd)
    __fpl_dcheck_NaN1                        0x08006555   Thumb Code    10  dcheck1.o(x$fpl$dcheck1)
    __aeabi_ddiv                             0x08006565   Thumb Code     0  ddiv.o(x$fpl$ddiv)
    _ddiv                                    0x08006565   Thumb Code   552  ddiv.o(x$fpl$ddiv)
    __aeabi_d2iz                             0x08006815   Thumb Code     0  dfix.o(x$fpl$dfix)
    _dfix                                    0x08006815   Thumb Code    94  dfix.o(x$fpl$dfix)
    __aeabi_i2d                              0x08006873   Thumb Code     0  dflt_clz.o(x$fpl$dflt)
    _dflt                                    0x08006873   Thumb Code    46  dflt_clz.o(x$fpl$dflt)
    __aeabi_ui2d                             0x080068a1   Thumb Code     0  dflt_clz.o(x$fpl$dfltu)
    _dfltu                                   0x080068a1   Thumb Code    38  dflt_clz.o(x$fpl$dfltu)
    __aeabi_dmul                             0x080068c9   Thumb Code     0  dmul.o(x$fpl$dmul)
    _dmul                                    0x080068c9   Thumb Code   332  dmul.o(x$fpl$dmul)
    __fpl_dnaninf                            0x08006a1d   Thumb Code   156  dnaninf.o(x$fpl$dnaninf)
    __fpl_dretinf                            0x08006ab9   Thumb Code    12  dretinf.o(x$fpl$dretinf)
    __aeabi_drsub                            0x08006ac5   Thumb Code     0  daddsub_clz.o(x$fpl$drsb)
    _drsb                                    0x08006ac5   Thumb Code    22  daddsub_clz.o(x$fpl$drsb)
    __aeabi_dsub                             0x08006add   Thumb Code     0  daddsub_clz.o(x$fpl$dsub)
    _dsub                                    0x08006add   Thumb Code   464  daddsub_clz.o(x$fpl$dsub)
    __fpl_fretinf                            0x08006cb1   Thumb Code    10  fretinf.o(x$fpl$fretinf)
    _printf_fp_dec                           0x08006cbb   Thumb Code     4  printf1.o(x$fpl$printf1)
    _printf_fp_hex                           0x08006cbf   Thumb Code     4  printf2.o(x$fpl$printf2)
    __fpl_return_NaN                         0x08006cc3   Thumb Code   100  retnan.o(x$fpl$retnan)
    __ARM_scalbn                             0x08006d27   Thumb Code    92  scalbn.o(x$fpl$scalbn)
    __fpl_cmpreturn                          0x08006d83   Thumb Code    48  trapv.o(x$fpl$trapveneer)
    __I$use$fp                               0x08006db2   Number         0  usenofp.o(x$fpl$usenofp)
    AHBPrescTable                            0x08006dc4   Data          16  system_stm32f1xx.o(.constdata)
    APBPrescTable                            0x08006dd4   Data           8  system_stm32f1xx.o(.constdata)
    AnoParInfoList                           0x08006ddc   Data         306  anoptv8datadef.o(.constdata)
    AnoCmdInfoList                           0x08006f0e   Data          85  anoptv8datadef.o(.constdata)
    ASCII6X8Code                             0x08006f63   Data         552  ws_drive_oled.o(.constdata)
    ASCII8X16Code                            0x0800718b   Data        1520  ws_drive_oled.o(.constdata)
    ASCII12X24Code                           0x0800777b   Data        3420  ws_drive_oled.o(.constdata)
    ASCII16X32Code                           0x080084d7   Data        6080  ws_drive_oled.o(.constdata)
    Region$$Table$$Base                      0x08009ebc   Number         0  anon$$obj.o(Region$$Table)
    Region$$Table$$Limit                     0x08009edc   Number         0  anon$$obj.o(Region$$Table)
    __ctype                                  0x08009f05   Data           0  lc_ctype_c.o(locale$$data)
    uwTickFreq                               0x20000000   Data           1  stm32f1xx_hal.o(.data)
    uwTickPrio                               0x20000004   Data           4  stm32f1xx_hal.o(.data)
    uwTick                                   0x20000008   Data           4  stm32f1xx_hal.o(.data)
    SystemCoreClock                          0x2000000c   Data           4  system_stm32f1xx.o(.data)
    count1                                   0x20000016   Data           1  realize.o(.data)
    U1RxInCnt                                0x20000017   Data           1  realize.o(.data)
    U1RxOutCnt                               0x20000018   Data           1  realize.o(.data)
    oledDidBufPageCount                      0x2000001a   Data           1  oled_buffer.o(.data)
    hi2c1                                    0x2000001c   Data          84  i2c.o(.bss)
    hdma_i2c1_tx                             0x20000070   Data          68  i2c.o(.bss)
    htim4                                    0x200000b4   Data          72  tim.o(.bss)
    U1RxBuffer                               0x200000fc   Data         100  usart.o(.bss)
    huart1                                   0x20000160   Data          72  usart.o(.bss)
    hdma_usart1_tx                           0x200001a8   Data          68  usart.o(.bss)
    hdma_usart1_rx                           0x200001ec   Data          68  usart.o(.bss)
    parLis_PID                               0x20000230   Data          12  anoptv8datadef.o(.bss)
    recvBuf                                  0x2000023c   Data         112  anoptv8run.o(.bss)
    AnoPTv8TxBuf                             0x200002ac   Data        1100  anoptv8run.o(.bss)
    Tx1Buffer                                0x200006f8   Data         256  realize.o(.bss)
    U1RxDataTmp                              0x200007f8   Data         100  realize.o(.bss)
    ScreenBuffer                             0x2000085c   Data        1024  oled_buffer.o(.bss)
    TempBuffer                               0x20000c5c   Data        1024  oled_buffer.o(.bss)
    __libspace_start                         0x2000115c   Data          96  libspace.o(.bss)
    __temporary_stack_top$libspace           0x200011bc   Data           0  libspace.o(.bss)



==============================================================================

Memory Map of the image

  Image Entry point : 0x080000ed

  Load Region LR_IROM1 (Base: 0x08000000, Size: 0x0000a024, Max: 0x00010000, ABSOLUTE)

    Execution Region ER_IROM1 (Exec base: 0x08000000, Load base: 0x08000000, Size: 0x0000a008, Max: 0x00010000, ABSOLUTE)

    Exec Addr    Load Addr    Size         Type   Attr      Idx    E Section Name        Object

    0x08000000   0x08000000   0x000000ec   Data   RO            3    RESET               startup_stm32f103xb.o
    0x080000ec   0x080000ec   0x00000008   Code   RO         4583  * !!!main             c_w.l(__main.o)
    0x080000f4   0x080000f4   0x00000034   Code   RO         5076    !!!scatter          c_w.l(__scatter.o)
    0x08000128   0x08000128   0x0000001a   Code   RO         5078    !!handler_copy      c_w.l(__scatter_copy.o)
    0x08000142   0x08000142   0x00000002   PAD
    0x08000144   0x08000144   0x0000001c   Code   RO         5080    !!handler_zi        c_w.l(__scatter_zi.o)
    0x08000160   0x08000160   0x00000000   Code   RO         4765    .ARM.Collect$$_printf_percent$$00000000  c_w.l(_printf_percent.o)
    0x08000160   0x08000160   0x00000006   Code   RO         4754    .ARM.Collect$$_printf_percent$$00000001  c_w.l(_printf_n.o)
    0x08000166   0x08000166   0x00000006   Code   RO         4756    .ARM.Collect$$_printf_percent$$00000002  c_w.l(_printf_p.o)
    0x0800016c   0x0800016c   0x00000006   Code   RO         4761    .ARM.Collect$$_printf_percent$$00000003  c_w.l(_printf_f.o)
    0x08000172   0x08000172   0x00000006   Code   RO         4762    .ARM.Collect$$_printf_percent$$00000004  c_w.l(_printf_e.o)
    0x08000178   0x08000178   0x00000006   Code   RO         4763    .ARM.Collect$$_printf_percent$$00000005  c_w.l(_printf_g.o)
    0x0800017e   0x0800017e   0x00000006   Code   RO         4764    .ARM.Collect$$_printf_percent$$00000006  c_w.l(_printf_a.o)
    0x08000184   0x08000184   0x0000000a   Code   RO         4769    .ARM.Collect$$_printf_percent$$00000007  c_w.l(_printf_ll.o)
    0x0800018e   0x0800018e   0x00000006   Code   RO         4758    .ARM.Collect$$_printf_percent$$00000008  c_w.l(_printf_i.o)
    0x08000194   0x08000194   0x00000006   Code   RO         4759    .ARM.Collect$$_printf_percent$$00000009  c_w.l(_printf_d.o)
    0x0800019a   0x0800019a   0x00000006   Code   RO         4760    .ARM.Collect$$_printf_percent$$0000000A  c_w.l(_printf_u.o)
    0x080001a0   0x080001a0   0x00000006   Code   RO         4757    .ARM.Collect$$_printf_percent$$0000000B  c_w.l(_printf_o.o)
    0x080001a6   0x080001a6   0x00000006   Code   RO         4755    .ARM.Collect$$_printf_percent$$0000000C  c_w.l(_printf_x.o)
    0x080001ac   0x080001ac   0x00000006   Code   RO         4766    .ARM.Collect$$_printf_percent$$0000000D  c_w.l(_printf_lli.o)
    0x080001b2   0x080001b2   0x00000006   Code   RO         4767    .ARM.Collect$$_printf_percent$$0000000E  c_w.l(_printf_lld.o)
    0x080001b8   0x080001b8   0x00000006   Code   RO         4768    .ARM.Collect$$_printf_percent$$0000000F  c_w.l(_printf_llu.o)
    0x080001be   0x080001be   0x00000006   Code   RO         4773    .ARM.Collect$$_printf_percent$$00000010  c_w.l(_printf_llo.o)
    0x080001c4   0x080001c4   0x00000006   Code   RO         4774    .ARM.Collect$$_printf_percent$$00000011  c_w.l(_printf_llx.o)
    0x080001ca   0x080001ca   0x0000000a   Code   RO         4770    .ARM.Collect$$_printf_percent$$00000012  c_w.l(_printf_l.o)
    0x080001d4   0x080001d4   0x00000006   Code   RO         4752    .ARM.Collect$$_printf_percent$$00000013  c_w.l(_printf_c.o)
    0x080001da   0x080001da   0x00000006   Code   RO         4753    .ARM.Collect$$_printf_percent$$00000014  c_w.l(_printf_s.o)
    0x080001e0   0x080001e0   0x00000006   Code   RO         4771    .ARM.Collect$$_printf_percent$$00000015  c_w.l(_printf_lc.o)
    0x080001e6   0x080001e6   0x00000006   Code   RO         4772    .ARM.Collect$$_printf_percent$$00000016  c_w.l(_printf_ls.o)
    0x080001ec   0x080001ec   0x00000004   Code   RO         4880    .ARM.Collect$$_printf_percent$$00000017  c_w.l(_printf_percent_end.o)
    0x080001f0   0x080001f0   0x00000002   Code   RO         4938    .ARM.Collect$$libinit$$00000000  c_w.l(libinit.o)
    0x080001f2   0x080001f2   0x00000000   Code   RO         4951    .ARM.Collect$$libinit$$00000002  c_w.l(libinit2.o)
    0x080001f2   0x080001f2   0x00000000   Code   RO         4953    .ARM.Collect$$libinit$$00000004  c_w.l(libinit2.o)
    0x080001f2   0x080001f2   0x00000000   Code   RO         4956    .ARM.Collect$$libinit$$0000000A  c_w.l(libinit2.o)
    0x080001f2   0x080001f2   0x00000000   Code   RO         4958    .ARM.Collect$$libinit$$0000000C  c_w.l(libinit2.o)
    0x080001f2   0x080001f2   0x00000000   Code   RO         4960    .ARM.Collect$$libinit$$0000000E  c_w.l(libinit2.o)
    0x080001f2   0x080001f2   0x00000006   Code   RO         4961    .ARM.Collect$$libinit$$0000000F  c_w.l(libinit2.o)
    0x080001f8   0x080001f8   0x00000000   Code   RO         4963    .ARM.Collect$$libinit$$00000011  c_w.l(libinit2.o)
    0x080001f8   0x080001f8   0x0000000c   Code   RO         4964    .ARM.Collect$$libinit$$00000012  c_w.l(libinit2.o)
    0x08000204   0x08000204   0x00000000   Code   RO         4965    .ARM.Collect$$libinit$$00000013  c_w.l(libinit2.o)
    0x08000204   0x08000204   0x00000000   Code   RO         4967    .ARM.Collect$$libinit$$00000015  c_w.l(libinit2.o)
    0x08000204   0x08000204   0x0000000a   Code   RO         4968    .ARM.Collect$$libinit$$00000016  c_w.l(libinit2.o)
    0x0800020e   0x0800020e   0x00000000   Code   RO         4969    .ARM.Collect$$libinit$$00000017  c_w.l(libinit2.o)
    0x0800020e   0x0800020e   0x00000000   Code   RO         4971    .ARM.Collect$$libinit$$00000019  c_w.l(libinit2.o)
    0x0800020e   0x0800020e   0x00000000   Code   RO         4973    .ARM.Collect$$libinit$$0000001B  c_w.l(libinit2.o)
    0x0800020e   0x0800020e   0x00000000   Code   RO         4975    .ARM.Collect$$libinit$$0000001D  c_w.l(libinit2.o)
    0x0800020e   0x0800020e   0x00000000   Code   RO         4977    .ARM.Collect$$libinit$$0000001F  c_w.l(libinit2.o)
    0x0800020e   0x0800020e   0x00000000   Code   RO         4979    .ARM.Collect$$libinit$$00000021  c_w.l(libinit2.o)
    0x0800020e   0x0800020e   0x00000000   Code   RO         4981    .ARM.Collect$$libinit$$00000023  c_w.l(libinit2.o)
    0x0800020e   0x0800020e   0x00000000   Code   RO         4983    .ARM.Collect$$libinit$$00000025  c_w.l(libinit2.o)
    0x0800020e   0x0800020e   0x00000000   Code   RO         4987    .ARM.Collect$$libinit$$0000002C  c_w.l(libinit2.o)
    0x0800020e   0x0800020e   0x00000000   Code   RO         4989    .ARM.Collect$$libinit$$0000002E  c_w.l(libinit2.o)
    0x0800020e   0x0800020e   0x00000000   Code   RO         4991    .ARM.Collect$$libinit$$00000030  c_w.l(libinit2.o)
    0x0800020e   0x0800020e   0x00000000   Code   RO         4993    .ARM.Collect$$libinit$$00000032  c_w.l(libinit2.o)
    0x0800020e   0x0800020e   0x00000002   Code   RO         4994    .ARM.Collect$$libinit$$00000033  c_w.l(libinit2.o)
    0x08000210   0x08000210   0x00000002   Code   RO         5014    .ARM.Collect$$libshutdown$$00000000  c_w.l(libshutdown.o)
    0x08000212   0x08000212   0x00000000   Code   RO         5027    .ARM.Collect$$libshutdown$$00000002  c_w.l(libshutdown2.o)
    0x08000212   0x08000212   0x00000000   Code   RO         5029    .ARM.Collect$$libshutdown$$00000004  c_w.l(libshutdown2.o)
    0x08000212   0x08000212   0x00000000   Code   RO         5031    .ARM.Collect$$libshutdown$$00000006  c_w.l(libshutdown2.o)
    0x08000212   0x08000212   0x00000000   Code   RO         5034    .ARM.Collect$$libshutdown$$00000009  c_w.l(libshutdown2.o)
    0x08000212   0x08000212   0x00000000   Code   RO         5037    .ARM.Collect$$libshutdown$$0000000C  c_w.l(libshutdown2.o)
    0x08000212   0x08000212   0x00000000   Code   RO         5039    .ARM.Collect$$libshutdown$$0000000E  c_w.l(libshutdown2.o)
    0x08000212   0x08000212   0x00000000   Code   RO         5042    .ARM.Collect$$libshutdown$$00000011  c_w.l(libshutdown2.o)
    0x08000212   0x08000212   0x00000002   Code   RO         5043    .ARM.Collect$$libshutdown$$00000012  c_w.l(libshutdown2.o)
    0x08000214   0x08000214   0x00000000   Code   RO         4681    .ARM.Collect$$rtentry$$00000000  c_w.l(__rtentry.o)
    0x08000214   0x08000214   0x00000000   Code   RO         4846    .ARM.Collect$$rtentry$$00000002  c_w.l(__rtentry2.o)
    0x08000214   0x08000214   0x00000006   Code   RO         4858    .ARM.Collect$$rtentry$$00000004  c_w.l(__rtentry4.o)
    0x0800021a   0x0800021a   0x00000000   Code   RO         4848    .ARM.Collect$$rtentry$$00000009  c_w.l(__rtentry2.o)
    0x0800021a   0x0800021a   0x00000004   Code   RO         4849    .ARM.Collect$$rtentry$$0000000A  c_w.l(__rtentry2.o)
    0x0800021e   0x0800021e   0x00000000   Code   RO         4851    .ARM.Collect$$rtentry$$0000000C  c_w.l(__rtentry2.o)
    0x0800021e   0x0800021e   0x00000008   Code   RO         4852    .ARM.Collect$$rtentry$$0000000D  c_w.l(__rtentry2.o)
    0x08000226   0x08000226   0x00000002   Code   RO         4943    .ARM.Collect$$rtexit$$00000000  c_w.l(rtexit.o)
    0x08000228   0x08000228   0x00000000   Code   RO         4996    .ARM.Collect$$rtexit$$00000002  c_w.l(rtexit2.o)
    0x08000228   0x08000228   0x00000004   Code   RO         4997    .ARM.Collect$$rtexit$$00000003  c_w.l(rtexit2.o)
    0x0800022c   0x0800022c   0x00000006   Code   RO         4998    .ARM.Collect$$rtexit$$00000004  c_w.l(rtexit2.o)
    0x08000232   0x08000232   0x00000002   PAD
    0x08000234   0x08000234   0x00000040   Code   RO            4    .text               startup_stm32f103xb.o
    0x08000274   0x08000274   0x00000024   Code   RO         4569    .text               c_w.l(vsprintf.o)
    0x08000298   0x08000298   0x0000008a   Code   RO         4573    .text               c_w.l(rt_memcpy_v6.o)
    0x08000322   0x08000322   0x00000044   Code   RO         4577    .text               c_w.l(rt_memclr.o)
    0x08000366   0x08000366   0x0000004e   Code   RO         4579    .text               c_w.l(rt_memclr_w.o)
    0x080003b4   0x080003b4   0x00000006   Code   RO         4581    .text               c_w.l(heapauxi.o)
    0x080003ba   0x080003ba   0x00000016   Code   RO         4682    .text               c_w.l(_rserrno.o)
    0x080003d0   0x080003d0   0x0000004e   Code   RO         4686    .text               c_w.l(_printf_pad.o)
    0x0800041e   0x0800041e   0x00000024   Code   RO         4688    .text               c_w.l(_printf_truncate.o)
    0x08000442   0x08000442   0x00000052   Code   RO         4690    .text               c_w.l(_printf_str.o)
    0x08000494   0x08000494   0x00000078   Code   RO         4692    .text               c_w.l(_printf_dec.o)
    0x0800050c   0x0800050c   0x00000028   Code   RO         4694    .text               c_w.l(_printf_charcount.o)
    0x08000534   0x08000534   0x00000030   Code   RO         4696    .text               c_w.l(_printf_char_common.o)
    0x08000564   0x08000564   0x0000000a   Code   RO         4698    .text               c_w.l(_sputc.o)
    0x0800056e   0x0800056e   0x00000002   PAD
    0x08000570   0x08000570   0x000000bc   Code   RO         4700    .text               c_w.l(_printf_wctomb.o)
    0x0800062c   0x0800062c   0x0000007c   Code   RO         4703    .text               c_w.l(_printf_longlong_dec.o)
    0x080006a8   0x080006a8   0x00000070   Code   RO         4709    .text               c_w.l(_printf_oct_int_ll.o)
    0x08000718   0x08000718   0x00000094   Code   RO         4729    .text               c_w.l(_printf_hex_int_ll_ptr.o)
    0x080007ac   0x080007ac   0x00000188   Code   RO         4749    .text               c_w.l(__printf_flags_ss_wp.o)
    0x08000934   0x08000934   0x00000064   Code   RO         4775    .text               c_w.l(rt_memcpy_w.o)
    0x08000998   0x08000998   0x00000008   Code   RO         4863    .text               c_w.l(rt_errno_addr_intlibspace.o)
    0x080009a0   0x080009a0   0x0000008a   Code   RO         4865    .text               c_w.l(lludiv10.o)
    0x08000a2a   0x08000a2a   0x000000b2   Code   RO         4867    .text               c_w.l(_printf_intcommon.o)
    0x08000adc   0x08000adc   0x0000041e   Code   RO         4869    .text               c_w.l(_printf_fp_dec.o)
    0x08000efa   0x08000efa   0x00000002   PAD
    0x08000efc   0x08000efc   0x000002fc   Code   RO         4871    .text               c_w.l(_printf_fp_hex.o)
    0x080011f8   0x080011f8   0x0000002c   Code   RO         4876    .text               c_w.l(_printf_char.o)
    0x08001224   0x08001224   0x0000002c   Code   RO         4878    .text               c_w.l(_printf_wchar.o)
    0x08001250   0x08001250   0x00000040   Code   RO         4881    .text               c_w.l(_wcrtomb.o)
    0x08001290   0x08001290   0x00000008   Code   RO         4889    .text               c_w.l(libspace.o)
    0x08001298   0x08001298   0x0000004a   Code   RO         4892    .text               c_w.l(sys_stackheap_outer.o)
    0x080012e2   0x080012e2   0x00000002   PAD
    0x080012e4   0x080012e4   0x00000010   Code   RO         4894    .text               c_w.l(rt_ctype_table.o)
    0x080012f4   0x080012f4   0x00000008   Code   RO         4899    .text               c_w.l(rt_locale_intlibspace.o)
    0x080012fc   0x080012fc   0x00000080   Code   RO         4901    .text               c_w.l(_printf_fp_infnan.o)
    0x0800137c   0x0800137c   0x000000e4   Code   RO         4903    .text               c_w.l(bigflt0.o)
    0x08001460   0x08001460   0x00000012   Code   RO         4931    .text               c_w.l(exit.o)
    0x08001472   0x08001472   0x00000002   PAD
    0x08001474   0x08001474   0x00000080   Code   RO         4948    .text               c_w.l(strcmpv7m.o)
    0x080014f4   0x080014f4   0x0000000c   Code   RO         5006    .text               c_w.l(sys_exit.o)
    0x08001500   0x08001500   0x00000002   Code   RO         5017    .text               c_w.l(use_no_semi.o)
    0x08001502   0x08001502   0x00000000   Code   RO         5019    .text               c_w.l(indicate_semi.o)
    0x08001502   0x08001502   0x0000003e   Code   RO         4906    CL$$btod_d2e        c_w.l(btod.o)
    0x08001540   0x08001540   0x00000046   Code   RO         4908    CL$$btod_d2e_denorm_low  c_w.l(btod.o)
    0x08001586   0x08001586   0x00000060   Code   RO         4907    CL$$btod_d2e_norm_op1  c_w.l(btod.o)
    0x080015e6   0x080015e6   0x00000338   Code   RO         4916    CL$$btod_div_common  c_w.l(btod.o)
    0x0800191e   0x0800191e   0x000000dc   Code   RO         4913    CL$$btod_e2e        c_w.l(btod.o)
    0x080019fa   0x080019fa   0x0000002a   Code   RO         4910    CL$$btod_ediv       c_w.l(btod.o)
    0x08001a24   0x08001a24   0x0000002a   Code   RO         4909    CL$$btod_emul       c_w.l(btod.o)
    0x08001a4e   0x08001a4e   0x00000244   Code   RO         4915    CL$$btod_mult_common  c_w.l(btod.o)
    0x08001c92   0x08001c92   0x00000032   Code   RO         3418    i.AnoPTv8CalFrameCheck  anoptv8framefactory.o
    0x08001cc4   0x08001cc4   0x00000030   Code   RO         3365    i.AnoPTv8CmdFun_UserCmd1  anoptv8datadef.o
    0x08001cf4   0x08001cf4   0x00000004   Code   RO         3366    i.AnoPTv8GetCmdCount  anoptv8datadef.o
    0x08001cf8   0x08001cf8   0x00000050   Code   RO         3593    i.AnoPTv8GetFreeTxBufIndex  anoptv8run.o
    0x08001d48   0x08001d48   0x00000004   Code   RO         3367    i.AnoPTv8GetParCount  anoptv8datadef.o
    0x08001d4c   0x08001d4c   0x00000028   Code   RO         3594    i.AnoPTv8GetParVal  anoptv8run.o
    0x08001d74   0x08001d74   0x00000004   Code   RO         3660    i.AnoPTv8HwRecvByte  hardwareinterface.o
    0x08001d78   0x08001d78   0x00000006   Code   RO         3661    i.AnoPTv8HwSendBytes  hardwareinterface.o
    0x08001d7e   0x08001d7e   0x00000004   Code   RO         3662    i.AnoPTv8HwTrigger1ms  hardwareinterface.o
    0x08001d82   0x08001d82   0x00000002   PAD
    0x08001d84   0x08001d84   0x000000c0   Code   RO         3595    i.AnoPTv8RecvOneByte  anoptv8run.o
    0x08001e44   0x08001e44   0x00000068   Code   RO         3419    i.AnoPTv8SendBuf    anoptv8framefactory.o
    0x08001eac   0x08001eac   0x00000054   Code   RO         3420    i.AnoPTv8SendCheck  anoptv8framefactory.o
    0x08001f00   0x08001f00   0x000000cc   Code   RO         3421    i.AnoPTv8SendCmdInfo  anoptv8framefactory.o
    0x08001fcc   0x08001fcc   0x0000005c   Code   RO         3422    i.AnoPTv8SendCmdNum  anoptv8framefactory.o
    0x08002028   0x08002028   0x000000b8   Code   RO         3423    i.AnoPTv8SendDevInfo  anoptv8framefactory.o
    0x080020e0   0x080020e0   0x000000c4   Code   RO         3440    i.AnoPTv8SendParInfo  anoptv8framefactory.o
    0x080021a4   0x080021a4   0x00000058   Code   RO         3441    i.AnoPTv8SendParNum  anoptv8framefactory.o
    0x080021fc   0x080021fc   0x00000070   Code   RO         3442    i.AnoPTv8SendParVal  anoptv8framefactory.o
    0x0800226c   0x0800226c   0x00000068   Code   RO         3443    i.AnoPTv8SendStr    anoptv8framefactory.o
    0x080022d4   0x080022d4   0x00000034   Code   RO         3596    i.AnoPTv8SetParVal  anoptv8run.o
    0x08002308   0x08002308   0x00000130   Code   RO         3688    i.AnoPTv8TxFrameF2  anoptv8test.o
    0x08002438   0x08002438   0x00000074   Code   RO         3597    i.AnoPTv8TxRunThread1ms  anoptv8run.o
    0x080024ac   0x080024ac   0x00000002   Code   RO          405    i.BusFault_Handler  stm32f1xx_it.o
    0x080024ae   0x080024ae   0x00000002   PAD
    0x080024b0   0x080024b0   0x00000010   Code   RO         4089    i.ClearTempBuffer   oled_buffer.o
    0x080024c0   0x080024c0   0x0000000c   Code   RO          406    i.DMA1_Channel4_IRQHandler  stm32f1xx_it.o
    0x080024cc   0x080024cc   0x0000000c   Code   RO          407    i.DMA1_Channel5_IRQHandler  stm32f1xx_it.o
    0x080024d8   0x080024d8   0x0000000c   Code   RO          408    i.DMA1_Channel6_IRQHandler  stm32f1xx_it.o
    0x080024e4   0x080024e4   0x0000002a   Code   RO         1394    i.DMA_SetConfig     stm32f1xx_hal_dma.o
    0x0800250e   0x0800250e   0x00000002   Code   RO          409    i.DebugMon_Handler  stm32f1xx_it.o
    0x08002510   0x08002510   0x00000034   Code   RO         3728    i.DrvUart1SendBuf   realize.o
    0x08002544   0x08002544   0x00000004   Code   RO           13    i.Error_Handler     main.o
    0x08002548   0x08002548   0x0000000c   Code   RO         4091    i.GetSelectedBuffer  oled_buffer.o
    0x08002554   0x08002554   0x00000046   Code   RO         1395    i.HAL_DMA_Abort     stm32f1xx_hal_dma.o
    0x0800259a   0x0800259a   0x00000002   PAD
    0x0800259c   0x0800259c   0x00000098   Code   RO         1396    i.HAL_DMA_Abort_IT  stm32f1xx_hal_dma.o
    0x08002634   0x08002634   0x00000006   Code   RO         1399    i.HAL_DMA_GetState  stm32f1xx_hal_dma.o
    0x0800263a   0x0800263a   0x00000002   PAD
    0x0800263c   0x0800263c   0x00000154   Code   RO         1400    i.HAL_DMA_IRQHandler  stm32f1xx_hal_dma.o
    0x08002790   0x08002790   0x0000005c   Code   RO         1401    i.HAL_DMA_Init      stm32f1xx_hal_dma.o
    0x080027ec   0x080027ec   0x00000070   Code   RO         1405    i.HAL_DMA_Start_IT  stm32f1xx_hal_dma.o
    0x0800285c   0x0800285c   0x00000024   Code   RO         1021    i.HAL_Delay         stm32f1xx_hal.o
    0x08002880   0x08002880   0x000001e0   Code   RO         1331    i.HAL_GPIO_Init     stm32f1xx_hal_gpio.o
    0x08002a60   0x08002a60   0x00000010   Code   RO         1334    i.HAL_GPIO_TogglePin  stm32f1xx_hal_gpio.o
    0x08002a70   0x08002a70   0x0000000a   Code   RO         1335    i.HAL_GPIO_WritePin  stm32f1xx_hal_gpio.o
    0x08002a7a   0x08002a7a   0x00000002   PAD
    0x08002a7c   0x08002a7c   0x0000000c   Code   RO         1025    i.HAL_GetTick       stm32f1xx_hal.o
    0x08002a88   0x08002a88   0x00000002   Code   RO          577    i.HAL_I2C_AbortCpltCallback  stm32f1xx_hal_i2c.o
    0x08002a8a   0x08002a8a   0x00000002   Code   RO          578    i.HAL_I2C_AddrCallback  stm32f1xx_hal_i2c.o
    0x08002a8c   0x08002a8c   0x00000230   Code   RO          582    i.HAL_I2C_EV_IRQHandler  stm32f1xx_hal_i2c.o
    0x08002cbc   0x08002cbc   0x00000002   Code   RO          584    i.HAL_I2C_ErrorCallback  stm32f1xx_hal_i2c.o
    0x08002cbe   0x08002cbe   0x00000002   PAD
    0x08002cc0   0x08002cc0   0x00000188   Code   RO          588    i.HAL_I2C_Init      stm32f1xx_hal_i2c.o
    0x08002e48   0x08002e48   0x00000002   Code   RO          590    i.HAL_I2C_ListenCpltCallback  stm32f1xx_hal_i2c.o
    0x08002e4a   0x08002e4a   0x00000002   Code   RO          591    i.HAL_I2C_MasterRxCpltCallback  stm32f1xx_hal_i2c.o
    0x08002e4c   0x08002e4c   0x00000002   Code   RO          592    i.HAL_I2C_MasterTxCpltCallback  stm32f1xx_hal_i2c.o
    0x08002e4e   0x08002e4e   0x00000002   Code   RO          604    i.HAL_I2C_MemRxCpltCallback  stm32f1xx_hal_i2c.o
    0x08002e50   0x08002e50   0x00000048   Code   RO         4444    i.HAL_I2C_MemTxCpltCallback  ws_drive_oled.o
    0x08002e98   0x08002e98   0x00000130   Code   RO          609    i.HAL_I2C_Mem_Write  stm32f1xx_hal_i2c.o
    0x08002fc8   0x08002fc8   0x00000190   Code   RO          610    i.HAL_I2C_Mem_Write_DMA  stm32f1xx_hal_i2c.o
    0x08003158   0x08003158   0x000000a0   Code   RO          279    i.HAL_I2C_MspInit   i2c.o
    0x080031f8   0x080031f8   0x00000002   Code   RO          614    i.HAL_I2C_SlaveRxCpltCallback  stm32f1xx_hal_i2c.o
    0x080031fa   0x080031fa   0x00000002   Code   RO          615    i.HAL_I2C_SlaveTxCpltCallback  stm32f1xx_hal_i2c.o
    0x080031fc   0x080031fc   0x00000010   Code   RO         1031    i.HAL_IncTick       stm32f1xx_hal.o
    0x0800320c   0x0800320c   0x00000024   Code   RO         1032    i.HAL_Init          stm32f1xx_hal.o
    0x08003230   0x08003230   0x00000040   Code   RO         1033    i.HAL_InitTick      stm32f1xx_hal.o
    0x08003270   0x08003270   0x0000003c   Code   RO          517    i.HAL_MspInit       stm32f1xx_hal_msp.o
    0x080032ac   0x080032ac   0x0000001a   Code   RO         1491    i.HAL_NVIC_EnableIRQ  stm32f1xx_hal_cortex.o
    0x080032c6   0x080032c6   0x00000002   PAD
    0x080032c8   0x080032c8   0x00000040   Code   RO         1497    i.HAL_NVIC_SetPriority  stm32f1xx_hal_cortex.o
    0x08003308   0x08003308   0x00000024   Code   RO         1498    i.HAL_NVIC_SetPriorityGrouping  stm32f1xx_hal_cortex.o
    0x0800332c   0x0800332c   0x0000012c   Code   RO         1189    i.HAL_RCC_ClockConfig  stm32f1xx_hal_rcc.o
    0x08003458   0x08003458   0x00000020   Code   RO         1196    i.HAL_RCC_GetPCLK1Freq  stm32f1xx_hal_rcc.o
    0x08003478   0x08003478   0x00000020   Code   RO         1197    i.HAL_RCC_GetPCLK2Freq  stm32f1xx_hal_rcc.o
    0x08003498   0x08003498   0x0000004c   Code   RO         1198    i.HAL_RCC_GetSysClockFreq  stm32f1xx_hal_rcc.o
    0x080034e4   0x080034e4   0x00000320   Code   RO         1201    i.HAL_RCC_OscConfig  stm32f1xx_hal_rcc.o
    0x08003804   0x08003804   0x00000028   Code   RO         1502    i.HAL_SYSTICK_Config  stm32f1xx_hal_cortex.o
    0x0800382c   0x0800382c   0x00000002   Code   RO         2697    i.HAL_TIMEx_BreakCallback  stm32f1xx_hal_tim_ex.o
    0x0800382e   0x0800382e   0x00000002   Code   RO         2698    i.HAL_TIMEx_CommutCallback  stm32f1xx_hal_tim_ex.o
    0x08003830   0x08003830   0x00000068   Code   RO         2716    i.HAL_TIMEx_MasterConfigSynchronization  stm32f1xx_hal_tim_ex.o
    0x08003898   0x08003898   0x0000005a   Code   RO         1993    i.HAL_TIM_Base_Init  stm32f1xx_hal_tim.o
    0x080038f2   0x080038f2   0x00000002   PAD
    0x080038f4   0x080038f4   0x0000003c   Code   RO          321    i.HAL_TIM_Base_MspInit  tim.o
    0x08003930   0x08003930   0x00000058   Code   RO         1998    i.HAL_TIM_Base_Start_IT  stm32f1xx_hal_tim.o
    0x08003988   0x08003988   0x000000dc   Code   RO         2002    i.HAL_TIM_ConfigClockSource  stm32f1xx_hal_tim.o
    0x08003a64   0x08003a64   0x00000002   Code   RO         2027    i.HAL_TIM_IC_CaptureCallback  stm32f1xx_hal_tim.o
    0x08003a66   0x08003a66   0x00000166   Code   RO         2041    i.HAL_TIM_IRQHandler  stm32f1xx_hal_tim.o
    0x08003bcc   0x08003bcc   0x00000002   Code   RO         2044    i.HAL_TIM_OC_DelayElapsedCallback  stm32f1xx_hal_tim.o
    0x08003bce   0x08003bce   0x00000002   Code   RO         2071    i.HAL_TIM_PWM_PulseFinishedCallback  stm32f1xx_hal_tim.o
    0x08003bd0   0x08003bd0   0x0000001c   Code   RO         3730    i.HAL_TIM_PeriodElapsedCallback  realize.o
    0x08003bec   0x08003bec   0x00000002   Code   RO         2084    i.HAL_TIM_TriggerCallback  stm32f1xx_hal_tim.o
    0x08003bee   0x08003bee   0x00000002   Code   RO         2976    i.HAL_UARTEx_RxEventCallback  stm32f1xx_hal_uart.o
    0x08003bf0   0x08003bf0   0x00000070   Code   RO         2988    i.HAL_UART_DMAStop  stm32f1xx_hal_uart.o
    0x08003c60   0x08003c60   0x00000002   Code   RO         2990    i.HAL_UART_ErrorCallback  stm32f1xx_hal_uart.o
    0x08003c62   0x08003c62   0x00000002   PAD
    0x08003c64   0x08003c64   0x0000026c   Code   RO         2993    i.HAL_UART_IRQHandler  stm32f1xx_hal_uart.o
    0x08003ed0   0x08003ed0   0x00000064   Code   RO         2994    i.HAL_UART_Init     stm32f1xx_hal_uart.o
    0x08003f34   0x08003f34   0x000000d8   Code   RO          363    i.HAL_UART_MspInit  usart.o
    0x0800400c   0x0800400c   0x0000001c   Code   RO         2998    i.HAL_UART_Receive_DMA  stm32f1xx_hal_uart.o
    0x08004028   0x08004028   0x00000040   Code   RO         3731    i.HAL_UART_RxCpltCallback  realize.o
    0x08004068   0x08004068   0x00000002   Code   RO         3001    i.HAL_UART_RxHalfCpltCallback  stm32f1xx_hal_uart.o
    0x0800406a   0x0800406a   0x00000002   PAD
    0x0800406c   0x0800406c   0x00000078   Code   RO         3003    i.HAL_UART_Transmit_DMA  stm32f1xx_hal_uart.o
    0x080040e4   0x080040e4   0x00000018   Code   RO         3732    i.HAL_UART_TxCpltCallback  realize.o
    0x080040fc   0x080040fc   0x00000002   Code   RO         3006    i.HAL_UART_TxHalfCpltCallback  stm32f1xx_hal_uart.o
    0x080040fe   0x080040fe   0x00000002   Code   RO          410    i.HardFault_Handler  stm32f1xx_it.o
    0x08004100   0x08004100   0x0000000c   Code   RO          411    i.I2C1_EV_IRQHandler  stm32f1xx_it.o
    0x0800410c   0x0800410c   0x000000bc   Code   RO          626    i.I2C_DMAAbort      stm32f1xx_hal_i2c.o
    0x080041c8   0x080041c8   0x00000036   Code   RO          627    i.I2C_DMAError      stm32f1xx_hal_i2c.o
    0x080041fe   0x080041fe   0x0000010a   Code   RO          628    i.I2C_DMAXferCplt   stm32f1xx_hal_i2c.o
    0x08004308   0x08004308   0x00000010   Code   RO          629    i.I2C_Flush_DR      stm32f1xx_hal_i2c.o
    0x08004318   0x08004318   0x00000158   Code   RO          630    i.I2C_ITError       stm32f1xx_hal_i2c.o
    0x08004470   0x08004470   0x0000002e   Code   RO          631    i.I2C_IsAcknowledgeFailed  stm32f1xx_hal_i2c.o
    0x0800449e   0x0800449e   0x000000d2   Code   RO          632    i.I2C_MasterReceive_BTF  stm32f1xx_hal_i2c.o
    0x08004570   0x08004570   0x000000e8   Code   RO          633    i.I2C_MasterReceive_RXNE  stm32f1xx_hal_i2c.o
    0x08004658   0x08004658   0x00000082   Code   RO          636    i.I2C_MasterTransmit_BTF  stm32f1xx_hal_i2c.o
    0x080046da   0x080046da   0x00000002   PAD
    0x080046dc   0x080046dc   0x000000b6   Code   RO          637    i.I2C_MasterTransmit_TXE  stm32f1xx_hal_i2c.o
    0x08004792   0x08004792   0x00000002   PAD
    0x08004794   0x08004794   0x00000158   Code   RO          638    i.I2C_Master_ADDR   stm32f1xx_hal_i2c.o
    0x080048ec   0x080048ec   0x0000008c   Code   RO          639    i.I2C_Master_SB     stm32f1xx_hal_i2c.o
    0x08004978   0x08004978   0x000000a8   Code   RO          640    i.I2C_MemoryTransmit_TXE_BTF  stm32f1xx_hal_i2c.o
    0x08004a20   0x08004a20   0x000000a8   Code   RO          642    i.I2C_RequestMemoryWrite  stm32f1xx_hal_i2c.o
    0x08004ac8   0x08004ac8   0x00000046   Code   RO          643    i.I2C_Slave_ADDR    stm32f1xx_hal_i2c.o
    0x08004b0e   0x08004b0e   0x00000002   PAD
    0x08004b10   0x08004b10   0x0000015c   Code   RO          645    i.I2C_Slave_STOPF   stm32f1xx_hal_i2c.o
    0x08004c6c   0x08004c6c   0x00000056   Code   RO          646    i.I2C_WaitOnBTFFlagUntilTimeout  stm32f1xx_hal_i2c.o
    0x08004cc2   0x08004cc2   0x00000002   PAD
    0x08004cc4   0x08004cc4   0x00000090   Code   RO          647    i.I2C_WaitOnFlagUntilTimeout  stm32f1xx_hal_i2c.o
    0x08004d54   0x08004d54   0x000000bc   Code   RO          648    i.I2C_WaitOnMasterAddressFlagUntilTimeout  stm32f1xx_hal_i2c.o
    0x08004e10   0x08004e10   0x00000056   Code   RO          650    i.I2C_WaitOnTXEFlagUntilTimeout  stm32f1xx_hal_i2c.o
    0x08004e66   0x08004e66   0x00000002   PAD
    0x08004e68   0x08004e68   0x0000004c   Code   RO          254    i.MX_DMA_Init       dma.o
    0x08004eb4   0x08004eb4   0x00000080   Code   RO          223    i.MX_GPIO_Init      gpio.o
    0x08004f34   0x08004f34   0x00000040   Code   RO          280    i.MX_I2C1_Init      i2c.o
    0x08004f74   0x08004f74   0x00000068   Code   RO          322    i.MX_TIM4_Init      tim.o
    0x08004fdc   0x08004fdc   0x00000050   Code   RO          364    i.MX_USART1_UART_Init  usart.o
    0x0800502c   0x0800502c   0x00000002   Code   RO          412    i.MemManage_Handler  stm32f1xx_it.o
    0x0800502e   0x0800502e   0x00000002   Code   RO          413    i.NMI_Handler       stm32f1xx_it.o
    0x08005030   0x08005030   0x00000002   Code   RO          414    i.PendSV_Handler    stm32f1xx_it.o
    0x08005032   0x08005032   0x00000002   Code   RO          415    i.SVC_Handler       stm32f1xx_it.o
    0x08005034   0x08005034   0x0000000c   Code   RO         4094    i.SetScreenBuffer   oled_buffer.o
    0x08005040   0x08005040   0x0000000c   Code   RO         4095    i.SetTempBuffer     oled_buffer.o
    0x0800504c   0x0800504c   0x00000004   Code   RO          416    i.SysTick_Handler   stm32f1xx_it.o
    0x08005050   0x08005050   0x0000005e   Code   RO           14    i.SystemClock_Config  main.o
    0x080050ae   0x080050ae   0x00000002   Code   RO         3328    i.SystemInit        system_stm32f1xx.o
    0x080050b0   0x080050b0   0x0000000c   Code   RO          417    i.TIM4_IRQHandler   stm32f1xx_it.o
    0x080050bc   0x080050bc   0x0000006c   Code   RO         2086    i.TIM_Base_SetConfig  stm32f1xx_hal_tim.o
    0x08005128   0x08005128   0x00000014   Code   RO         2097    i.TIM_ETR_SetConfig  stm32f1xx_hal_tim.o
    0x0800513c   0x0800513c   0x00000010   Code   RO         2098    i.TIM_ITRx_SetConfig  stm32f1xx_hal_tim.o
    0x0800514c   0x0800514c   0x00000022   Code   RO         2104    i.TIM_TI1_ConfigInputStage  stm32f1xx_hal_tim.o
    0x0800516e   0x0800516e   0x00000024   Code   RO         2106    i.TIM_TI2_ConfigInputStage  stm32f1xx_hal_tim.o
    0x08005192   0x08005192   0x00000002   PAD
    0x08005194   0x08005194   0x00000078   Code   RO         4096    i.TempBufferFunc    oled_buffer.o
    0x0800520c   0x0800520c   0x00000010   Code   RO         3007    i.UART_DMAAbortOnError  stm32f1xx_hal_uart.o
    0x0800521c   0x0800521c   0x0000004a   Code   RO         3008    i.UART_DMAError     stm32f1xx_hal_uart.o
    0x08005266   0x08005266   0x00000086   Code   RO         3009    i.UART_DMAReceiveCplt  stm32f1xx_hal_uart.o
    0x080052ec   0x080052ec   0x0000001e   Code   RO         3011    i.UART_DMARxHalfCplt  stm32f1xx_hal_uart.o
    0x0800530a   0x0800530a   0x00000042   Code   RO         3013    i.UART_DMATransmitCplt  stm32f1xx_hal_uart.o
    0x0800534c   0x0800534c   0x0000000a   Code   RO         3015    i.UART_DMATxHalfCplt  stm32f1xx_hal_uart.o
    0x08005356   0x08005356   0x0000004e   Code   RO         3017    i.UART_EndRxTransfer  stm32f1xx_hal_uart.o
    0x080053a4   0x080053a4   0x0000001c   Code   RO         3018    i.UART_EndTxTransfer  stm32f1xx_hal_uart.o
    0x080053c0   0x080053c0   0x000000c2   Code   RO         3019    i.UART_Receive_IT   stm32f1xx_hal_uart.o
    0x08005482   0x08005482   0x00000002   PAD
    0x08005484   0x08005484   0x000000b8   Code   RO         3020    i.UART_SetConfig    stm32f1xx_hal_uart.o
    0x0800553c   0x0800553c   0x00000090   Code   RO         3021    i.UART_Start_Receive_DMA  stm32f1xx_hal_uart.o
    0x080055cc   0x080055cc   0x00000040   Code   RO          418    i.USART1_IRQHandler  stm32f1xx_it.o
    0x0800560c   0x0800560c   0x00000038   Code   RO         4445    i.UpdateScreenBuffer  ws_drive_oled.o
    0x08005644   0x08005644   0x0000001c   Code   RO         4097    i.UpdateScreenDisplay  oled_buffer.o
    0x08005660   0x08005660   0x00000002   Code   RO          419    i.UsageFault_Handler  stm32f1xx_it.o
    0x08005662   0x08005662   0x00000002   PAD
    0x08005664   0x08005664   0x00000044   Code   RO         4447    i.WS_OLED_Clear     ws_drive_oled.o
    0x080056a8   0x080056a8   0x000001d8   Code   RO         4450    i.WS_OLED_Dis_String  ws_drive_oled.o
    0x08005880   0x08005880   0x000000bc   Code   RO         4452    i.WS_OLED_Init      ws_drive_oled.o
    0x0800593c   0x0800593c   0x0000002c   Code   RO         4454    i.WS_OLED_Printf    ws_drive_oled.o
    0x08005968   0x08005968   0x00000054   Code   RO         4455    i.WS_OLED_Set_Buffer  ws_drive_oled.o
    0x080059bc   0x080059bc   0x0000001c   Code   RO         4457    i.WS_OLED_Write_Buffer  ws_drive_oled.o
    0x080059d8   0x080059d8   0x0000001c   Code   RO         4458    i.WS_OLED_Write_Buffer_DMA  ws_drive_oled.o
    0x080059f4   0x080059f4   0x00000024   Code   RO         4459    i.WS_OLED_Write_Cmd  ws_drive_oled.o
    0x08005a18   0x08005a18   0x00000024   Code   RO         4460    i.WS_OLED_Write_Dat  ws_drive_oled.o
    0x08005a3c   0x08005a3c   0x00000028   Code   RO         4885    i.__ARM_fpclassify  m_ws.l(fpclassify.o)
    0x08005a64   0x08005a64   0x00000020   Code   RO         1504    i.__NVIC_SetPriority  stm32f1xx_hal_cortex.o
    0x08005a84   0x08005a84   0x00000388   Code   RO         4834    i.__ieee754_rem_pio2  m_ws.l(rred.o)
    0x08005e0c   0x08005e0c   0x000000fc   Code   RO         4816    i.__kernel_cos      m_ws.l(cos_i.o)
    0x08005f08   0x08005f08   0x000000aa   Code   RO         4887    i.__kernel_poly     m_ws.l(poly.o)
    0x08005fb2   0x08005fb2   0x00000002   PAD
    0x08005fb4   0x08005fb4   0x000000ec   Code   RO         4839    i.__kernel_sin      m_ws.l(sin_i.o)
    0x080060a0   0x080060a0   0x00000006   Code   RO         4820    i.__mathlib_dbl_infnan  m_ws.l(dunder.o)
    0x080060a6   0x080060a6   0x0000000c   Code   RO         4822    i.__mathlib_dbl_invalid  m_ws.l(dunder.o)
    0x080060b2   0x080060b2   0x00000002   PAD
    0x080060b4   0x080060b4   0x00000010   Code   RO         4825    i.__mathlib_dbl_underflow  m_ws.l(dunder.o)
    0x080060c4   0x080060c4   0x0000000e   Code   RO         4742    i._is_digit         c_w.l(__printf_wp.o)
    0x080060d2   0x080060d2   0x00000002   PAD
    0x080060d4   0x080060d4   0x000000e4   Code   RO         3598    i.anoPTv8FrameAnl   anoptv8run.o
    0x080061b8   0x080061b8   0x00000030   Code   RO         3734    i.drvU1DataCheck    realize.o
    0x080061e8   0x080061e8   0x00000020   Code   RO         3735    i.drvU1GetByte      realize.o
    0x08006208   0x08006208   0x000000a0   Code   RO           16    i.main              main.o
    0x080062a8   0x080062a8   0x000000a0   Code   RO         4674    i.sin               m_ws.l(sin.o)
    0x08006348   0x08006348   0x0000002c   Code   RO         4929    locale$$code        c_w.l(lc_numeric_c.o)
    0x08006374   0x08006374   0x0000002c   Code   RO         4946    locale$$code        c_w.l(lc_ctype_c.o)
    0x080063a0   0x080063a0   0x00000062   Code   RO         4585    x$fpl$d2f           fz_ws.l(d2f.o)
    0x08006402   0x08006402   0x00000002   PAD
    0x08006404   0x08006404   0x00000150   Code   RO         4587    x$fpl$dadd          fz_ws.l(daddsub_clz.o)
    0x08006554   0x08006554   0x00000010   Code   RO         4777    x$fpl$dcheck1       fz_ws.l(dcheck1.o)
    0x08006564   0x08006564   0x000002b0   Code   RO         4594    x$fpl$ddiv          fz_ws.l(ddiv.o)
    0x08006814   0x08006814   0x0000005e   Code   RO         4597    x$fpl$dfix          fz_ws.l(dfix.o)
    0x08006872   0x08006872   0x0000002e   Code   RO         4602    x$fpl$dflt          fz_ws.l(dflt_clz.o)
    0x080068a0   0x080068a0   0x00000026   Code   RO         4601    x$fpl$dfltu         fz_ws.l(dflt_clz.o)
    0x080068c6   0x080068c6   0x00000002   PAD
    0x080068c8   0x080068c8   0x00000154   Code   RO         4609    x$fpl$dmul          fz_ws.l(dmul.o)
    0x08006a1c   0x08006a1c   0x0000009c   Code   RO         4783    x$fpl$dnaninf       fz_ws.l(dnaninf.o)
    0x08006ab8   0x08006ab8   0x0000000c   Code   RO         4787    x$fpl$dretinf       fz_ws.l(dretinf.o)
    0x08006ac4   0x08006ac4   0x00000016   Code   RO         4588    x$fpl$drsb          fz_ws.l(daddsub_clz.o)
    0x08006ada   0x08006ada   0x00000002   PAD
    0x08006adc   0x08006adc   0x000001d4   Code   RO         4589    x$fpl$dsub          fz_ws.l(daddsub_clz.o)
    0x08006cb0   0x08006cb0   0x0000000a   Code   RO         4795    x$fpl$fretinf       fz_ws.l(fretinf.o)
    0x08006cba   0x08006cba   0x00000004   Code   RO         4797    x$fpl$printf1       fz_ws.l(printf1.o)
    0x08006cbe   0x08006cbe   0x00000004   Code   RO         4799    x$fpl$printf2       fz_ws.l(printf2.o)
    0x08006cc2   0x08006cc2   0x00000064   Code   RO         4883    x$fpl$retnan        fz_ws.l(retnan.o)
    0x08006d26   0x08006d26   0x0000005c   Code   RO         4641    x$fpl$scalbn        fz_ws.l(scalbn.o)
    0x08006d82   0x08006d82   0x00000030   Code   RO         4941    x$fpl$trapveneer    fz_ws.l(trapv.o)
    0x08006db2   0x08006db2   0x00000000   Code   RO         4805    x$fpl$usenofp       fz_ws.l(usenofp.o)
    0x08006db2   0x08006db2   0x00000012   Data   RO         1202    .constdata          stm32f1xx_hal_rcc.o
    0x08006dc4   0x08006dc4   0x00000010   Data   RO         3329    .constdata          system_stm32f1xx.o
    0x08006dd4   0x08006dd4   0x00000008   Data   RO         3330    .constdata          system_stm32f1xx.o
    0x08006ddc   0x08006ddc   0x00000132   Data   RO         3369    .constdata          anoptv8datadef.o
    0x08006f0e   0x08006f0e   0x00000055   Data   RO         3370    .constdata          anoptv8datadef.o
    0x08006f63   0x08006f63   0x00002d34   Data   RO         4462    .constdata          ws_drive_oled.o
    0x08009c97   0x08009c97   0x00000001   PAD
    0x08009c98   0x08009c98   0x00000008   Data   RO         4701    .constdata          c_w.l(_printf_wctomb.o)
    0x08009ca0   0x08009ca0   0x00000028   Data   RO         4730    .constdata          c_w.l(_printf_hex_int_ll_ptr.o)
    0x08009cc8   0x08009cc8   0x00000011   Data   RO         4750    .constdata          c_w.l(__printf_flags_ss_wp.o)
    0x08009cd9   0x08009cd9   0x00000007   PAD
    0x08009ce0   0x08009ce0   0x00000030   Data   RO         4817    .constdata          m_ws.l(cos_i.o)
    0x08009d10   0x08009d10   0x000000c8   Data   RO         4836    .constdata          m_ws.l(rred.o)
    0x08009dd8   0x08009dd8   0x00000028   Data   RO         4840    .constdata          m_ws.l(sin_i.o)
    0x08009e00   0x08009e00   0x00000026   Data   RO         4872    .constdata          c_w.l(_printf_fp_hex.o)
    0x08009e26   0x08009e26   0x00000002   PAD
    0x08009e28   0x08009e28   0x00000094   Data   RO         4904    .constdata          c_w.l(bigflt0.o)
    0x08009ebc   0x08009ebc   0x00000020   Data   RO         5074    Region$$Table       anon$$obj.o
    0x08009edc   0x08009edc   0x0000001c   Data   RO         4928    locale$$data        c_w.l(lc_numeric_c.o)
    0x08009ef8   0x08009ef8   0x00000110   Data   RO         4945    locale$$data        c_w.l(lc_ctype_c.o)


    Execution Region RW_IRAM1 (Exec base: 0x20000000, Load base: 0x0800a008, Size: 0x000017c0, Max: 0x00005000, ABSOLUTE)

    Exec Addr    Load Addr    Size         Type   Attr      Idx    E Section Name        Object

    0x20000000   0x0800a008   0x0000000c   Data   RW         1039    .data               stm32f1xx_hal.o
    0x2000000c   0x0800a014   0x00000004   Data   RW         3331    .data               system_stm32f1xx.o
    0x20000010   0x0800a018   0x00000004   Data   RW         3600    .data               anoptv8run.o
    0x20000014   0x0800a01c   0x00000002   Data   RW         3689    .data               anoptv8test.o
    0x20000016   0x0800a01e   0x00000003   Data   RW         3738    .data               realize.o
    0x20000019   0x0800a021   0x00000001   Data   RW         4100    .data               oled_buffer.o
    0x2000001a   0x0800a022   0x00000001   Data   RW         4101    .data               oled_buffer.o
    0x2000001b   0x0800a023   0x00000001   PAD
    0x2000001c        -       0x00000098   Zero   RW          281    .bss                i2c.o
    0x200000b4        -       0x00000048   Zero   RW          323    .bss                tim.o
    0x200000fc        -       0x00000134   Zero   RW          365    .bss                usart.o
    0x20000230        -       0x0000000c   Zero   RW         3368    .bss                anoptv8datadef.o
    0x2000023c        -       0x000004bc   Zero   RW         3599    .bss                anoptv8run.o
    0x200006f8        -       0x00000164   Zero   RW         3736    .bss                realize.o
    0x2000085c        -       0x00000800   Zero   RW         4099    .bss                oled_buffer.o
    0x2000105c        -       0x00000100   Zero   RW         4461    .bss                ws_drive_oled.o
    0x2000115c        -       0x00000060   Zero   RW         4890    .bss                c_w.l(libspace.o)
    0x200011bc   0x0800a023   0x00000004   PAD
    0x200011c0        -       0x00000200   Zero   RW            2    HEAP                startup_stm32f103xb.o
    0x200013c0        -       0x00000400   Zero   RW            1    STACK               startup_stm32f103xb.o


==============================================================================

Image component sizes


      Code (inc. data)   RO Data    RW Data    ZI Data      Debug   Object Name

        56         22        391          0         12       5504   anoptv8datadef.o
      1218         64          0          0          0       8683   anoptv8framefactory.o
       708         38          0          4       1212       6321   anoptv8run.o
       304         16          0          2          0        759   anoptv8test.o
        76          4          0          0          0        774   dma.o
       128         10          0          0          0        943   gpio.o
        14          0          0          0          0       1951   hardwareinterface.o
       224         36          0          0        152       1738   i2c.o
       258         58          0          0          0     436115   main.o
       200         26          0          2       2048       3925   oled_buffer.o
       248         52          0          3        356       4779   realize.o
        64         26        236          0       1536        812   startup_stm32f103xb.o
       164         28          0         12          0       5909   stm32f1xx_hal.o
       198         14          0          0          0      28947   stm32f1xx_hal_cortex.o
       814         36          0          0          0       5553   stm32f1xx_hal_dma.o
       506         34          0          0          0       3505   stm32f1xx_hal_gpio.o
      5084         80          0          0          0      29489   stm32f1xx_hal_i2c.o
        60          4          0          0          0        854   stm32f1xx_hal_msp.o
      1240         84         18          0          0       5116   stm32f1xx_hal_rcc.o
       978         26          0          0          0       9757   stm32f1xx_hal_tim.o
       108         12          0          0          0       2405   stm32f1xx_hal_tim_ex.o
      1946         38          0          0          0      14763   stm32f1xx_hal_uart.o
       144         40          0          0          0       6674   stm32f1xx_it.o
         2          0         24          4          0       1119   system_stm32f1xx.o
       164         20          0          0         72       1666   tim.o
       296         34          0          0        308       1994   usart.o
      1112         94      11572          0        256       9084   ws_drive_oled.o

    ----------------------------------------------------------------------
     16350        896      12274         28       5952     599139   Object Totals
         0          0         32          0          0          0   (incl. Generated)
        36          0          1          1          0          0   (incl. Padding)

    ----------------------------------------------------------------------

      Code (inc. data)   RO Data    RW Data    ZI Data      Debug   Library Member Name

         8          0          0          0          0         68   __main.o
       392          4         17          0          0         92   __printf_flags_ss_wp.o
        14          0          0          0          0         68   __printf_wp.o
         0          0          0          0          0          0   __rtentry.o
        12          0          0          0          0          0   __rtentry2.o
         6          0          0          0          0          0   __rtentry4.o
        52          8          0          0          0          0   __scatter.o
        26          0          0          0          0          0   __scatter_copy.o
        28          0          0          0          0          0   __scatter_zi.o
         6          0          0          0          0          0   _printf_a.o
         6          0          0          0          0          0   _printf_c.o
        44          0          0          0          0        108   _printf_char.o
        48          6          0          0          0         96   _printf_char_common.o
        40          0          0          0          0         68   _printf_charcount.o
         6          0          0          0          0          0   _printf_d.o
       120         16          0          0          0         92   _printf_dec.o
         6          0          0          0          0          0   _printf_e.o
         6          0          0          0          0          0   _printf_f.o
      1054          0          0          0          0        216   _printf_fp_dec.o
       764          8         38          0          0        100   _printf_fp_hex.o
       128         16          0          0          0         84   _printf_fp_infnan.o
         6          0          0          0          0          0   _printf_g.o
       148          4         40          0          0        160   _printf_hex_int_ll_ptr.o
         6          0          0          0          0          0   _printf_i.o
       178          0          0          0          0         88   _printf_intcommon.o
        10          0          0          0          0          0   _printf_l.o
         6          0          0          0          0          0   _printf_lc.o
        10          0          0          0          0          0   _printf_ll.o
         6          0          0          0          0          0   _printf_lld.o
         6          0          0          0          0          0   _printf_lli.o
         6          0          0          0          0          0   _printf_llo.o
         6          0          0          0          0          0   _printf_llu.o
         6          0          0          0          0          0   _printf_llx.o
       124         16          0          0          0         92   _printf_longlong_dec.o
         6          0          0          0          0          0   _printf_ls.o
         6          0          0          0          0          0   _printf_n.o
         6          0          0          0          0          0   _printf_o.o
       112         10          0          0          0        124   _printf_oct_int_ll.o
         6          0          0          0          0          0   _printf_p.o
        78          0          0          0          0        108   _printf_pad.o
         0          0          0          0          0          0   _printf_percent.o
         4          0          0          0          0          0   _printf_percent_end.o
         6          0          0          0          0          0   _printf_s.o
        82          0          0          0          0         80   _printf_str.o
        36          0          0          0          0         84   _printf_truncate.o
         6          0          0          0          0          0   _printf_u.o
        44          0          0          0          0        108   _printf_wchar.o
       188          6          8          0          0         92   _printf_wctomb.o
         6          0          0          0          0          0   _printf_x.o
        22          0          0          0          0        100   _rserrno.o
        10          0          0          0          0         68   _sputc.o
        64          0          0          0          0         92   _wcrtomb.o
       228          4        148          0          0         96   bigflt0.o
      1936        128          0          0          0        672   btod.o
        18          0          0          0          0         80   exit.o
         6          0          0          0          0        152   heapauxi.o
         0          0          0          0          0          0   indicate_semi.o
        44         10        272          0          0         76   lc_ctype_c.o
        44         10         28          0          0         76   lc_numeric_c.o
         2          0          0          0          0          0   libinit.o
        30          0          0          0          0          0   libinit2.o
         2          0          0          0          0          0   libshutdown.o
         2          0          0          0          0          0   libshutdown2.o
         8          4          0          0         96         68   libspace.o
       138          0          0          0          0         80   lludiv10.o
        16          4          0          0          0         76   rt_ctype_table.o
         8          4          0          0          0         68   rt_errno_addr_intlibspace.o
         8          4          0          0          0         68   rt_locale_intlibspace.o
        68          0          0          0          0         68   rt_memclr.o
        78          0          0          0          0         80   rt_memclr_w.o
       138          0          0          0          0         68   rt_memcpy_v6.o
       100          0          0          0          0         80   rt_memcpy_w.o
         2          0          0          0          0          0   rtexit.o
        10          0          0          0          0          0   rtexit2.o
       128          0          0          0          0         68   strcmpv7m.o
        12          4          0          0          0         68   sys_exit.o
        74          0          0          0          0         80   sys_stackheap_outer.o
         2          0          0          0          0         68   use_no_semi.o
        36          4          0          0          0         76   vsprintf.o
        98          4          0          0          0         92   d2f.o
       826         16          0          0          0        348   daddsub_clz.o
        16          4          0          0          0         68   dcheck1.o
       688        140          0          0          0        208   ddiv.o
        94          4          0          0          0         92   dfix.o
        84          0          0          0          0        136   dflt_clz.o
       340         12          0          0          0        104   dmul.o
       156          4          0          0          0         92   dnaninf.o
        12          0          0          0          0         68   dretinf.o
        10          0          0          0          0         68   fretinf.o
         4          0          0          0          0         68   printf1.o
         4          0          0          0          0         68   printf2.o
       100          0          0          0          0         68   retnan.o
        92          0          0          0          0         68   scalbn.o
        48          0          0          0          0         68   trapv.o
         0          0          0          0          0          0   usenofp.o
       252         22         48          0          0        124   cos_i.o
        34          6          0          0          0        204   dunder.o
        40          0          0          0          0         68   fpclassify.o
       170          0          0          0          0         96   poly.o
       904         76        200          0          0        140   rred.o
       160         10          0          0          0        108   sin.o
       236         12         40          0          0        128   sin_i.o

    ----------------------------------------------------------------------
     11496        580        848          0        100       6840   Library Totals
        24          0          9          0          4          0   (incl. Padding)

    ----------------------------------------------------------------------

      Code (inc. data)   RO Data    RW Data    ZI Data      Debug   Library Name

      7104        270        551          0         96       4356   c_w.l
      2572        184          0          0          0       1616   fz_ws.l
      1796        126        288          0          0        868   m_ws.l

    ----------------------------------------------------------------------
     11496        580        848          0        100       6840   Library Totals

    ----------------------------------------------------------------------

==============================================================================


      Code (inc. data)   RO Data    RW Data    ZI Data      Debug   

     27846       1476      13122         28       6052     593703   Grand Totals
     27846       1476      13122         28       6052     593703   ELF Image Totals
     27846       1476      13122         28          0          0   ROM Totals

==============================================================================

    Total RO  Size (Code + RO Data)                40968 (  40.01kB)
    Total RW  Size (RW Data + ZI Data)              6080 (   5.94kB)
    Total ROM Size (Code + RO Data + RW Data)      40996 (  40.04kB)

==============================================================================

